Archive member included because of file (symbol)

/media/other/opt/altera/nios2eds/bin/gnu/H-i686-pc-linux-gnu/bin/../lib/gcc/nios2-elf/4.1.2/mno-hw-mul/libgcc.a(lib2-mul.o)
                              obj/default/print.o (__mulsi3)
/media/other/opt/altera/nios2eds/bin/gnu/H-i686-pc-linux-gnu/bin/../lib/gcc/nios2-elf/4.1.2/../../../../nios2-elf/lib/mno-hw-mul/libc.a(lib_a-exit.o)
                              obj/default/alt_ucosii_simple_error_check.o (exit)
/media/other/opt/altera/nios2eds/bin/gnu/H-i686-pc-linux-gnu/bin/../lib/gcc/nios2-elf/4.1.2/../../../../nios2-elf/lib/mno-hw-mul/libc.a(lib_a-fopen.o)
                              obj/default/traffic.o (fopen)
/media/other/opt/altera/nios2eds/bin/gnu/H-i686-pc-linux-gnu/bin/../lib/gcc/nios2-elf/4.1.2/../../../../nios2-elf/lib/mno-hw-mul/libc.a(lib_a-fprintf.o)
                              obj/default/alt_ucosii_simple_error_check.o (fprintf)
/media/other/opt/altera/nios2eds/bin/gnu/H-i686-pc-linux-gnu/bin/../lib/gcc/nios2-elf/4.1.2/../../../../nios2-elf/lib/mno-hw-mul/libc.a(lib_a-fseek.o)
                              /media/other/opt/altera/nios2eds/bin/gnu/H-i686-pc-linux-gnu/bin/../lib/gcc/nios2-elf/4.1.2/../../../../nios2-elf/lib/mno-hw-mul/libc.a(lib_a-fopen.o) (_fseek_r)
/media/other/opt/altera/nios2eds/bin/gnu/H-i686-pc-linux-gnu/bin/../lib/gcc/nios2-elf/4.1.2/../../../../nios2-elf/lib/mno-hw-mul/libc.a(lib_a-fstatr.o)
                              /media/other/opt/altera/nios2eds/bin/gnu/H-i686-pc-linux-gnu/bin/../lib/gcc/nios2-elf/4.1.2/../../../../nios2-elf/lib/mno-hw-mul/libc.a(lib_a-fseek.o) (_fstat_r)
/media/other/opt/altera/nios2eds/bin/gnu/H-i686-pc-linux-gnu/bin/../lib/gcc/nios2-elf/4.1.2/../../../../nios2-elf/lib/mno-hw-mul/libc.a(lib_a-fwrite.o)
                              obj/default/alt_ucosii_simple_error_check.o (fwrite)
/media/other/opt/altera/nios2eds/bin/gnu/H-i686-pc-linux-gnu/bin/../lib/gcc/nios2-elf/4.1.2/../../../../nios2-elf/lib/mno-hw-mul/libc.a(lib_a-getc.o)
                              obj/default/traffic.o (getc)
/media/other/opt/altera/nios2eds/bin/gnu/H-i686-pc-linux-gnu/bin/../lib/gcc/nios2-elf/4.1.2/../../../../nios2-elf/lib/mno-hw-mul/libc.a(lib_a-impure.o)
                              obj/default/alt_ucosii_simple_error_check.o (_impure_ptr)
/media/other/opt/altera/nios2eds/bin/gnu/H-i686-pc-linux-gnu/bin/../lib/gcc/nios2-elf/4.1.2/../../../../nios2-elf/lib/mno-hw-mul/libc.a(lib_a-int_errno.o)
                              /media/other/opt/altera/nios2eds/bin/gnu/H-i686-pc-linux-gnu/bin/../lib/gcc/nios2-elf/4.1.2/../../../../nios2-elf/lib/mno-hw-mul/libc.a(lib_a-fstatr.o) (errno)
/media/other/opt/altera/nios2eds/bin/gnu/H-i686-pc-linux-gnu/bin/../lib/gcc/nios2-elf/4.1.2/../../../../nios2-elf/lib/mno-hw-mul/libc.a(lib_a-makebuf.o)
                              /media/other/opt/altera/nios2eds/bin/gnu/H-i686-pc-linux-gnu/bin/../lib/gcc/nios2-elf/4.1.2/../../../../nios2-elf/lib/mno-hw-mul/libc.a(lib_a-fseek.o) (__smakebuf_r)
/media/other/opt/altera/nios2eds/bin/gnu/H-i686-pc-linux-gnu/bin/../lib/gcc/nios2-elf/4.1.2/../../../../nios2-elf/lib/mno-hw-mul/libc.a(lib_a-mallocr.o)
                              /media/other/opt/altera/nios2eds/bin/gnu/H-i686-pc-linux-gnu/bin/../lib/gcc/nios2-elf/4.1.2/../../../../nios2-elf/lib/mno-hw-mul/libc.a(lib_a-makebuf.o) (_malloc_r)
/media/other/opt/altera/nios2eds/bin/gnu/H-i686-pc-linux-gnu/bin/../lib/gcc/nios2-elf/4.1.2/../../../../nios2-elf/lib/mno-hw-mul/libc.a(lib_a-memset.o)
                              obj/default/traffic.o (memset)
/media/other/opt/altera/nios2eds/bin/gnu/H-i686-pc-linux-gnu/bin/../lib/gcc/nios2-elf/4.1.2/../../../../nios2-elf/lib/mno-hw-mul/libc.a(lib_a-openr.o)
                              /media/other/opt/altera/nios2eds/bin/gnu/H-i686-pc-linux-gnu/bin/../lib/gcc/nios2-elf/4.1.2/../../../../nios2-elf/lib/mno-hw-mul/libc.a(lib_a-fopen.o) (_open_r)
/media/other/opt/altera/nios2eds/bin/gnu/H-i686-pc-linux-gnu/bin/../lib/gcc/nios2-elf/4.1.2/../../../../nios2-elf/lib/mno-hw-mul/libc.a(lib_a-printf.o)
                              obj/default/print.o (printf)
/media/other/opt/altera/nios2eds/bin/gnu/H-i686-pc-linux-gnu/bin/../lib/gcc/nios2-elf/4.1.2/../../../../nios2-elf/lib/mno-hw-mul/libc.a(lib_a-putchar.o)
                              obj/default/print.o (putchar)
/media/other/opt/altera/nios2eds/bin/gnu/H-i686-pc-linux-gnu/bin/../lib/gcc/nios2-elf/4.1.2/../../../../nios2-elf/lib/mno-hw-mul/libc.a(lib_a-puts.o)
                              obj/default/alt_ucosii_simple_error_check.o (puts)
/media/other/opt/altera/nios2eds/bin/gnu/H-i686-pc-linux-gnu/bin/../lib/gcc/nios2-elf/4.1.2/../../../../nios2-elf/lib/mno-hw-mul/libc.a(lib_a-refill.o)
                              /media/other/opt/altera/nios2eds/bin/gnu/H-i686-pc-linux-gnu/bin/../lib/gcc/nios2-elf/4.1.2/../../../../nios2-elf/lib/mno-hw-mul/libc.a(lib_a-fseek.o) (__srefill_r)
[...]
Memory Configuration

Name             Origin             Length             Attributes
reset            0x00800000         0x00000020
sdram_0          0x00800020         0x007fffe0
onchip_memory2_0 0x01001000         0x00001000
*default*        0x00000000         0xffffffff

Linker script and memory map

LOAD ../bsp//obj/HAL/src/crt0.o
LOAD obj/default/alt_ucosii_simple_error_check.o
LOAD obj/default/print.o
LOAD obj/default/traffic.o
LOAD /media/other/opt/altera/nios2eds/bin/gnu/H-i686-pc-linux-gnu/bin/../lib/gcc/nios2-elf/4.1.2/../../../../nios2-elf/lib/mno-hw-mul/libstdc++.a
LOAD /media/other/opt/altera/nios2eds/bin/gnu/H-i686-pc-linux-gnu/bin/../lib/gcc/nios2-elf/4.1.2/../../../../nios2-elf/lib/mno-hw-mul/libm.a
LOAD /media/other/opt/altera/nios2eds/bin/gnu/H-i686-pc-linux-gnu/bin/../lib/gcc/nios2-elf/4.1.2/mno-hw-mul/libgcc.a
START GROUP
LOAD /media/other/opt/altera/nios2eds/bin/gnu/H-i686-pc-linux-gnu/bin/../lib/gcc/nios2-elf/4.1.2/../../../../nios2-elf/lib/mno-hw-mul/libc.a
LOAD /media/other/opt/altera/nios2eds/bin/gnu/H-i686-pc-linux-gnu/bin/../lib/gcc/nios2-elf/4.1.2/mno-hw-mul/libgcc.a
LOAD ../bsp//libucosii_bsp.a
END GROUP
LOAD /media/other/opt/altera/nios2eds/bin/gnu/H-i686-pc-linux-gnu/bin/../lib/gcc/nios2-elf/4.1.2/mno-hw-mul/libgcc.a
                0x00800000                __alt_mem_sdram_0 = 0x800000
                0x01001000                __alt_mem_onchip_memory2_0 = 0x1001000

.entry          0x00800000       0x20
 *(.entry)
 .entry         0x00800000       0x20 ../bsp//obj/HAL/src/crt0.o
                0x00800000                __reset

.exceptions     0x00800020      0x19c
                0x00800020                PROVIDE (__ram_exceptions_start, ABSOLUTE (.))
                0x00800020                . = ALIGN (0x20)
 *(.irq)
 *(.exceptions.entry.label)
 .exceptions.entry.label
                0x00800020        0x0 ../bsp//libucosii_bsp.a(alt_irq_entry.o)
                0x00800020                alt_irq_entry
 .exceptions.entry.label
                0x00800020        0x0 ../bsp//libucosii_bsp.a(alt_exception_entry.o)
                0x00800020                alt_exception
 *(.exceptions.entry.user)
 *(.exceptions.entry)
 .exceptions.entry
                0x00800020       0x54 ../bsp//libucosii_bsp.a(alt_exception_entry.o)
 *(.exceptions.irqtest.user)
 *(.exceptions.irqtest)
 .exceptions.irqtest
                0x00800074       0x10 ../bsp//libucosii_bsp.a(alt_irq_entry.o)
 *(.exceptions.irqhandler.user)
 *(.exceptions.irqhandler)
 .exceptions.irqhandler
                0x00800084        0x4 ../bsp//libucosii_bsp.a(alt_irq_entry.o)
 *(.exceptions.irqreturn.user)
 *(.exceptions.irqreturn)
 .exceptions.irqreturn
                0x00800088        0x4 ../bsp//libucosii_bsp.a(alt_irq_entry.o)
 *(.exceptions.notirq.label)
 .exceptions.notirq.label
                0x0080008c        0x0 ../bsp//libucosii_bsp.a(alt_irq_entry.o)
 *(.exceptions.notirq.user)
 *(.exceptions.notirq)
 .exceptions.notirq
                0x0080008c        0x8 ../bsp//libucosii_bsp.a(alt_exception_entry.o)
 *(.exceptions.soft.user)
 *(.exceptions.soft)
 *(.exceptions.unknown.user)
 *(.exceptions.unknown)
 .exceptions.unknown
                0x00800094        0x4 ../bsp//libucosii_bsp.a(alt_exception_entry.o)
 *(.exceptions.exit.label)
 .exceptions.exit.label
                0x00800098        0x0 ../bsp//libucosii_bsp.a(alt_irq_entry.o)
 .exceptions.exit.label
                0x00800098        0x0 ../bsp//libucosii_bsp.a(alt_exception_entry.o)
 *(.exceptions.exit.user)
 *(.exceptions.exit)
 .exceptions.exit
                0x00800098       0x54 ../bsp//libucosii_bsp.a(alt_exception_entry.o)
 *(.exceptions)
 .exceptions    0x008000ec       0xd0 ../bsp//libucosii_bsp.a(alt_irq_handler.o)
                0x008000ec                alt_irq_handler
                0x008001bc                PROVIDE (__ram_exceptions_end, ABSOLUTE (.))
                0x00800020                PROVIDE (__flash_exceptions_start, LOADADDR (.exceptions))

.text           0x008001bc    0x18368
                0x008001bc                PROVIDE (stext, ABSOLUTE (.))
 *(.interp)
 *(.hash)
 *(.dynsym)
 *(.dynstr)
 *(.gnu.version)
 *(.gnu.version_d)
 *(.gnu.version_r)
 *(.rel.init)
 *(.rela.init)
 *(.rel.text .rel.text.* .rel.gnu.linkonce.t.*)
 *(.rela.text .rela.text.* .rela.gnu.linkonce.t.*)
 *(.rel.fini)
 *(.rela.fini)
 *(.rel.rodata .rel.rodata.* .rel.gnu.linkonce.r.*)
 *(.rela.rodata .rela.rodata.* .rela.gnu.linkonce.r.*)
 *(.rel.data .rel.data.* .rel.gnu.linkonce.d.*)
 *(.rela.data .rela.data.* .rela.gnu.linkonce.d.*)
 *(.rel.tdata .rel.tdata.* .rel.gnu.linkonce.td.*)
 *(.rela.tdata .rela.tdata.* .rela.gnu.linkonce.td.*)
 *(.rel.tbss .rel.tbss.* .rel.gnu.linkonce.tb.*)
 *(.rela.tbss .rela.tbss.* .rela.gnu.linkonce.tb.*)
 *(.rel.ctors)
 *(.rela.ctors)
 *(.rel.dtors)
 *(.rela.dtors)
 *(.rel.got)
 *(.rela.got)
 *(.rel.sdata .rel.sdata.* .rel.gnu.linkonce.s.*)
 *(.rela.sdata .rela.sdata.* .rela.gnu.linkonce.s.*)
 *(.rel.sbss .rel.sbss.* .rel.gnu.linkonce.sb.*)
 *(.rela.sbss .rela.sbss.* .rela.gnu.linkonce.sb.*)
 *(.rel.sdata2 .rel.sdata2.* .rel.gnu.linkonce.s2.*)
 *(.rela.sdata2 .rela.sdata2.* .rela.gnu.linkonce.s2.*)
 *(.rel.sbss2 .rel.sbss2.* .rel.gnu.linkonce.sb2.*)
 *(.rela.sbss2 .rela.sbss2.* .rela.gnu.linkonce.sb2.*)
 *(.rel.bss .rel.bss.* .rel.gnu.linkonce.b.*)
 *(.rela.bss .rela.bss.* .rela.gnu.linkonce.b.*)
 *(.rel.plt)
 *(.rela.plt)
 *(.rel.dyn)
 *(.init)
 *(.plt)
 *(.text .stub .text.* .gnu.linkonce.t.*)
 .text          0x008001bc       0x3c ../bsp//obj/HAL/src/crt0.o
                0x008001bc                _start
 .text          0x008001f8      0x4f0 obj/default/alt_ucosii_simple_error_check.o
                0x008001f8                alt_ucosii_check_return_code
                0x0080023c                alt_ucosii_simple_error_handler
 .text          0x008006e8      0xd24 obj/default/print.o
                0x008006e8                draw_init
                0x0080071c                draw_reset
                0x00800764                set_light_color
                0x0080082c                draw_status
                0x008008f0                draw_walk
                0x008009b8                draw_car
                0x00800acc                draw_street
                0x00800e88                draw_keymap
                0x0080104c                draw_lights
                0x00801250                draw_background
 .text          0x0080140c      0xfa4 obj/default/traffic.o
                0x0080140c                pend
                0x00801450                post
                0x0080148c                key_pressed
                0x00801518                task_input
                0x008015d4                task_a
                0x008017ec                task_b
                0x008019f8                task_c
                0x00801b70                task_d
                0x00801d84                task_e
                0x00801fac                task_f
                0x0080218c                init
                0x00802374                main
 .text          0x008023b0       0x38 /media/other/opt/altera/nios2eds/bin/gnu/H-i686-pc-linux-gnu/bin/../lib/gcc/nios2-elf/4.1.2/mno-hw-mul/libgcc.a(lib2-mul.o)
                0x008023b0                __mulsi3
 .text          0x008023e8       0x38 /media/other/opt/altera/nios2eds/bin/gnu/H-i686-pc-linux-gnu/bin/../lib/gcc/nios2-elf/4.1.2/../../../../nios2-elf/lib/mno-hw-mul/libc.a(lib_a-exit.o)
                0x008023e8                exit
 .text          0x00802420      0x110 /media/other/opt/altera/nios2eds/bin/gnu/H-i686-pc-linux-gnu/bin/../lib/gcc/nios2-elf/4.1.2/../../../../nios2-elf/lib/mno-hw-mul/libc.a(lib_a-fopen.o)
                0x00802420                _fopen_r
                0x00802514                fopen
 .text          0x00802530       0x60 /media/other/opt/altera/nios2eds/bin/gnu/H-i686-pc-linux-gnu/bin/../lib/gcc/nios2-elf/4.1.2/../../../../nios2-elf/lib/mno-hw-mul/libc.a(lib_a-fprintf.o)
                0x00802530                fprintf
                0x0080255c                _fprintf_r
 .text          0x00802590      0x460 /media/other/opt/altera/nios2eds/bin/gnu/H-i686-pc-linux-gnu/bin/../lib/gcc/nios2-elf/4.1.2/../../../../nios2-elf/lib/mno-hw-mul/libc.a(lib_a-fseek.o)
                0x00802590                _fseek_r
                0x008029cc                fseek
 .text          0x008029f0       0x74 /media/other/opt/altera/nios2eds/bin/gnu/H-i686-pc-linux-gnu/bin/../lib/gcc/nios2-elf/4.1.2/../../../../nios2-elf/lib/mno-hw-mul/libc.a(lib_a-fstatr.o)
                0x008029f0                _fstat_r
 .text          0x00802a64       0xec /media/other/opt/altera/nios2eds/bin/gnu/H-i686-pc-linux-gnu/bin/../lib/gcc/nios2-elf/4.1.2/../../../../nios2-elf/lib/mno-hw-mul/libc.a(lib_a-fwrite.o)
                0x00802a64                _fwrite_r
                0x00802b10                fwrite
 .text          0x00802b50      0x128 /media/other/opt/altera/nios2eds/bin/gnu/H-i686-pc-linux-gnu/bin/../lib/gcc/nios2-elf/4.1.2/../../../../nios2-elf/lib/mno-hw-mul/libc.a(lib_a-getc.o)
                0x00802b50                getc
                0x00802be8                _getc_r
 .text          0x00802c78        0x0 /media/other/opt/altera/nios2eds/bin/gnu/H-i686-pc-linux-gnu/bin/../lib/gcc/nios2-elf/4.1.2/../../../../nios2-elf/lib/mno-hw-mul/libc.a(lib_a-impure.o)
 .text          0x00802c78        0x0 /media/other/opt/altera/nios2eds/bin/gnu/H-i686-pc-linux-gnu/bin/../lib/gcc/nios2-elf/4.1.2/../../../../nios2-elf/lib/mno-hw-mul/libc.a(lib_a-int_errno.o)
 .text          0x00802c78      0x194 /media/other/opt/altera/nios2eds/bin/gnu/H-i686-pc-linux-gnu/bin/../lib/gcc/nios2-elf/4.1.2/../../../../nios2-elf/lib/mno-hw-mul/libc.a(lib_a-makebuf.o)
                0x00802c78                __smakebuf_r
 .text          0x00802e0c      0x740 /media/other/opt/altera/nios2eds/bin/gnu/H-i686-pc-linux-gnu/bin/../lib/gcc/nios2-elf/4.1.2/../../../../nios2-elf/lib/mno-hw-mul/libc.a(lib_a-mallocr.o)
                0x00802e0c                _malloc_r
 .text          0x0080354c       0x98 /media/other/opt/altera/nios2eds/bin/gnu/H-i686-pc-linux-gnu/bin/../lib/gcc/nios2-elf/4.1.2/../../../../nios2-elf/lib/mno-hw-mul/libc.a(lib_a-memset.o)
                0x0080354c                memset
 .text          0x008035e4       0x78 /media/other/opt/altera/nios2eds/bin/gnu/H-i686-pc-linux-gnu/bin/../lib/gcc/nios2-elf/4.1.2/../../../../nios2-elf/lib/mno-hw-mul/libc.a(lib_a-openr.o)
                0x008035e4                _open_r
 .text          0x0080365c       0x78 /media/other/opt/altera/nios2eds/bin/gnu/H-i686-pc-linux-gnu/bin/../lib/gcc/nios2-elf/4.1.2/../../../../nios2-elf/lib/mno-hw-mul/libc.a(lib_a-printf.o)
                0x0080365c                printf
                0x008036a0                _printf_r
 .text          0x008036d4       0x24 /media/other/opt/altera/nios2eds/bin/gnu/H-i686-pc-linux-gnu/bin/../lib/gcc/nios2-elf/4.1.2/../../../../nios2-elf/lib/mno-hw-mul/libc.a(lib_a-putchar.o)
                0x008036d4                putchar
                0x008036f0                _putchar_r
 .text          0x008036f8       0xb4 /media/other/opt/altera/nios2eds/bin/gnu/H-i686-pc-linux-gnu/bin/../lib/gcc/nios2-elf/4.1.2/../../../../nios2-elf/lib/mno-hw-mul/libc.a(lib_a-puts.o)
                0x008036f8                _puts_r
                0x00803798                puts
 .text          0x008037ac      0x1e0 /media/other/opt/altera/nios2eds/bin/gnu/H-i686-pc-linux-gnu/bin/../lib/gcc/nios2-elf/4.1.2/../../../../nios2-elf/lib/mno-hw-mul/libc.a(lib_a-refill.o)
                0x008037ac                __srefill_r
 .text          0x0080398c       0x60 /media/other/opt/altera/nios2eds/bin/gnu/H-i686-pc-linux-gnu/bin/../lib/gcc/nios2-elf/4.1.2/../../../../nios2-elf/lib/mno-hw-mul/libc.a(lib_a-rget.o)
                0x0080398c                __srget_r
                0x008039d8                __srget
 .text          0x008039ec       0x70 /media/other/opt/altera/nios2eds/bin/gnu/H-i686-pc-linux-gnu/bin/../lib/gcc/nios2-elf/4.1.2/../../../../nios2-elf/lib/mno-hw-mul/libc.a(lib_a-sbrkr.o)
                0x008039ec                _sbrk_r
 .text          0x00803a5c      0x14c /media/other/opt/altera/nios2eds/bin/gnu/H-i686-pc-linux-gnu/bin/../lib/gcc/nios2-elf/4.1.2/../../../../nios2-elf/lib/mno-hw-mul/libc.a(lib_a-stdio.o)
                0x00803a5c                __sclose
                0x00803a64                __sseek
                0x00803acc                __swrite
                0x00803b48                __sread
 .text          0x00803ba8       0x74 /media/other/opt/altera/nios2eds/bin/gnu/H-i686-pc-linux-gnu/bin/../lib/gcc/nios2-elf/4.1.2/../../../../nios2-elf/lib/mno-hw-mul/libc.a(lib_a-strlen.o)
                0x00803ba8                strlen
 .text          0x00803c1c     0x1f40 /media/other/opt/altera/nios2eds/bin/gnu/H-i686-pc-linux-gnu/bin/../lib/gcc/nios2-elf/4.1.2/../../../../nios2-elf/lib/mno-hw-mul/libc.a(lib_a-vfprintf.o)
                0x00803c74                ___vfprintf_internal_r
                0x00805b38                __vfprintf_internal
 .text          0x00805b5c       0x78 /media/other/opt/altera/nios2eds/bin/gnu/H-i686-pc-linux-gnu/bin/../lib/gcc/nios2-elf/4.1.2/../../../../nios2-elf/lib/mno-hw-mul/libc.a(lib_a-writer.o)
                0x00805b5c                _write_r
 .text          0x00805bd4      0x13c /media/other/opt/altera/nios2eds/bin/gnu/H-i686-pc-linux-gnu/bin/../lib/gcc/nios2-elf/4.1.2/../../../../nios2-elf/lib/mno-hw-mul/libc.a(lib_a-wsetup.o)
                0x00805bd4                __swsetup_r
 .text          0x00805d10      0x1b4 /media/other/opt/altera/nios2eds/bin/gnu/H-i686-pc-linux-gnu/bin/../lib/gcc/nios2-elf/4.1.2/../../../../nios2-elf/lib/mno-hw-mul/libc.a(lib_a-__call_atexit.o)
                0x00805d14                __call_exitprocs
 .text          0x00805ec4       0x70 /media/other/opt/altera/nios2eds/bin/gnu/H-i686-pc-linux-gnu/bin/../lib/gcc/nios2-elf/4.1.2/../../../../nios2-elf/lib/mno-hw-mul/libc.a(lib_a-closer.o)
                0x00805ec4                _close_r
 .text          0x00805f34     0x17f8 /media/other/opt/altera/nios2eds/bin/gnu/H-i686-pc-linux-gnu/bin/../lib/gcc/nios2-elf/4.1.2/../../../../nios2-elf/lib/mno-hw-mul/libc.a(lib_a-dtoa.o)
                0x00806178                _dtoa_r
 .text          0x0080772c      0x230 /media/other/opt/altera/nios2eds/bin/gnu/H-i686-pc-linux-gnu/bin/../lib/gcc/nios2-elf/4.1.2/../../../../nios2-elf/lib/mno-hw-mul/libc.a(lib_a-fflush.o)
                0x0080772c                _fflush_r
                0x00807928                fflush
 .text          0x0080795c      0x2f4 /media/other/opt/altera/nios2eds/bin/gnu/H-i686-pc-linux-gnu/bin/../lib/gcc/nios2-elf/4.1.2/../../../../nios2-elf/lib/mno-hw-mul/libc.a(lib_a-findfp.o)
                0x008079b4                __sfp_lock_acquire
                0x008079b8                __sfp_lock_release
                0x008079bc                __sinit_lock_acquire
                0x008079c0                __sinit_lock_release
                0x008079c4                __sinit
                0x00807a78                __fp_unlock_all
                0x00807a90                __fp_lock_all
                0x00807aa8                _cleanup_r
                0x00807ab4                _cleanup
                0x00807ac4                __sfmoreglue
                0x00807b60                __sfp
 .text          0x00807c50       0xa0 /media/other/opt/altera/nios2eds/bin/gnu/H-i686-pc-linux-gnu/bin/../lib/gcc/nios2-elf/4.1.2/../../../../nios2-elf/lib/mno-hw-mul/libc.a(lib_a-flags.o)
                0x00807c50                __sflags
 .text          0x00807cf0      0x440 /media/other/opt/altera/nios2eds/bin/gnu/H-i686-pc-linux-gnu/bin/../lib/gcc/nios2-elf/4.1.2/../../../../nios2-elf/lib/mno-hw-mul/libc.a(lib_a-freer.o)
                0x00807cf0                _malloc_trim_r
                0x00807e1c                _free_r
 .text          0x00808130      0x49c /media/other/opt/altera/nios2eds/bin/gnu/H-i686-pc-linux-gnu/bin/../lib/gcc/nios2-elf/4.1.2/../../../../nios2-elf/lib/mno-hw-mul/libc.a(lib_a-fvwrite.o)
                0x00808130                __sfvwrite_r
 .text          0x008085cc      0x180 /media/other/opt/altera/nios2eds/bin/gnu/H-i686-pc-linux-gnu/bin/../lib/gcc/nios2-elf/4.1.2/../../../../nios2-elf/lib/mno-hw-mul/libc.a(lib_a-fwalk.o)
                0x008085cc                _fwalk_reent
                0x00808694                _fwalk
 .text          0x0080874c       0x70 /media/other/opt/altera/nios2eds/bin/gnu/H-i686-pc-linux-gnu/bin/../lib/gcc/nios2-elf/4.1.2/../../../../nios2-elf/lib/mno-hw-mul/libc.a(lib_a-isattyr.o)
                0x0080874c                _isatty_r
 .text          0x008087bc       0xc4 /media/other/opt/altera/nios2eds/bin/gnu/H-i686-pc-linux-gnu/bin/../lib/gcc/nios2-elf/4.1.2/../../../../nios2-elf/lib/mno-hw-mul/libc.a(lib_a-locale.o)
                0x008087bc                __locale_charset
                0x008087c4                _localeconv_r
                0x008087d0                localeconv
                0x008087e0                _setlocale_r
                0x00808864                setlocale
 .text          0x00808880       0x78 /media/other/opt/altera/nios2eds/bin/gnu/H-i686-pc-linux-gnu/bin/../lib/gcc/nios2-elf/4.1.2/../../../../nios2-elf/lib/mno-hw-mul/libc.a(lib_a-lseekr.o)
                0x00808880                _lseek_r
 .text          0x008088f8       0xe4 /media/other/opt/altera/nios2eds/bin/gnu/H-i686-pc-linux-gnu/bin/../lib/gcc/nios2-elf/4.1.2/../../../../nios2-elf/lib/mno-hw-mul/libc.a(lib_a-memchr.o)
                0x008088f8                memchr
 .text          0x008089dc       0xa0 /media/other/opt/altera/nios2eds/bin/gnu/H-i686-pc-linux-gnu/bin/../lib/gcc/nios2-elf/4.1.2/../../../../nios2-elf/lib/mno-hw-mul/libc.a(lib_a-memcpy.o)
                0x008089dc                memcpy
 .text          0x00808a7c       0xe0 /media/other/opt/altera/nios2eds/bin/gnu/H-i686-pc-linux-gnu/bin/../lib/gcc/nios2-elf/4.1.2/../../../../nios2-elf/lib/mno-hw-mul/libc.a(lib_a-memmove.o)
                0x00808a7c                memmove
 .text          0x00808b5c     0x108c /media/other/opt/altera/nios2eds/bin/gnu/H-i686-pc-linux-gnu/bin/../lib/gcc/nios2-elf/4.1.2/../../../../nios2-elf/lib/mno-hw-mul/libc.a(lib_a-mprec.o)
                0x00808b5c                _Bfree
                0x00808b84                __hi0bits
                0x00808bf4                __lo0bits
                0x00808cb8                __mcmp
                0x00808d18                __ulp
                0x00808d98                __b2d
                0x00808eb8                __ratio
                0x00808f68                _mprec_log10
                0x00808ffc                __copybits
                0x00809054                __any_on
                0x008090dc                _Balloc
                0x00809198                __d2b
                0x00809314                __mdiff
                0x008094a0                __lshift
                0x008095ec                __multiply
                0x00809840                __i2b
                0x0080987c                __multadd
                0x008099a8                __pow5mult
                0x00809ac8                __s2b
 .text          0x00809be8      0x1ec /media/other/opt/altera/nios2eds/bin/gnu/H-i686-pc-linux-gnu/bin/../lib/gcc/nios2-elf/4.1.2/../../../../nios2-elf/lib/mno-hw-mul/libc.a(lib_a-putc.o)
                0x00809be8                putc
                0x00809cec                _putc_r
 .text          0x00809dd4       0x78 /media/other/opt/altera/nios2eds/bin/gnu/H-i686-pc-linux-gnu/bin/../lib/gcc/nios2-elf/4.1.2/../../../../nios2-elf/lib/mno-hw-mul/libc.a(lib_a-readr.o)
                0x00809dd4                _read_r
 .text          0x00809e4c      0x5f4 /media/other/opt/altera/nios2eds/bin/gnu/H-i686-pc-linux-gnu/bin/../lib/gcc/nios2-elf/4.1.2/../../../../nios2-elf/lib/mno-hw-mul/libc.a(lib_a-reallocr.o)
                0x00809e4c                _realloc_r
 .text          0x0080a440       0x40 /media/other/opt/altera/nios2eds/bin/gnu/H-i686-pc-linux-gnu/bin/../lib/gcc/nios2-elf/4.1.2/../../../../nios2-elf/lib/mno-hw-mul/libc.a(lib_a-s_isinfd.o)
                0x0080a440                __isinfd
 .text          0x0080a480       0x30 /media/other/opt/altera/nios2eds/bin/gnu/H-i686-pc-linux-gnu/bin/../lib/gcc/nios2-elf/4.1.2/../../../../nios2-elf/lib/mno-hw-mul/libc.a(lib_a-s_isnand.o)
                0x0080a480                __isnand
 .text          0x0080a4b0       0xbc /media/other/opt/altera/nios2eds/bin/gnu/H-i686-pc-linux-gnu/bin/../lib/gcc/nios2-elf/4.1.2/../../../../nios2-elf/lib/mno-hw-mul/libc.a(lib_a-strcmp.o)
                0x0080a4b0                strcmp
 .text          0x0080a56c      0x14c /media/other/opt/altera/nios2eds/bin/gnu/H-i686-pc-linux-gnu/bin/../lib/gcc/nios2-elf/4.1.2/../../../../nios2-elf/lib/mno-hw-mul/libc.a(lib_a-wbuf.o)
                0x0080a56c                __swbuf_r
                0x0080a69c                __swbuf
 .text          0x0080a6b8       0xc8 /media/other/opt/altera/nios2eds/bin/gnu/H-i686-pc-linux-gnu/bin/../lib/gcc/nios2-elf/4.1.2/../../../../nios2-elf/lib/mno-hw-mul/libc.a(lib_a-callocr.o)
                0x0080a6b8                _calloc_r
 .text          0x0080a780      0x124 /media/other/opt/altera/nios2eds/bin/gnu/H-i686-pc-linux-gnu/bin/../lib/gcc/nios2-elf/4.1.2/../../../../nios2-elf/lib/mno-hw-mul/libc.a(lib_a-fclose.o)
                0x0080a780                _fclose_r
                0x0080a890                fclose
 .text          0x0080a8a4      0x66c /media/other/opt/altera/nios2eds/bin/gnu/H-i686-pc-linux-gnu/bin/../lib/gcc/nios2-elf/4.1.2/mno-hw-mul/libgcc.a(_udivdi3.o)
                0x0080a8a4                __udivdi3
 .text          0x0080af10      0x660 /media/other/opt/altera/nios2eds/bin/gnu/H-i686-pc-linux-gnu/bin/../lib/gcc/nios2-elf/4.1.2/mno-hw-mul/libgcc.a(_umoddi3.o)
                0x0080af10                __umoddi3
 .text          0x0080b570      0x504 /media/other/opt/altera/nios2eds/bin/gnu/H-i686-pc-linux-gnu/bin/../lib/gcc/nios2-elf/4.1.2/mno-hw-mul/libgcc.a(_addsub_df.o)
                0x0080b980                __subdf3
                0x0080ba00                __adddf3
 .text          0x0080ba74      0x3c4 /media/other/opt/altera/nios2eds/bin/gnu/H-i686-pc-linux-gnu/bin/../lib/gcc/nios2-elf/4.1.2/mno-hw-mul/libgcc.a(_mul_df.o)
                0x0080ba74                __muldf3
 .text          0x0080be38      0x258 /media/other/opt/altera/nios2eds/bin/gnu/H-i686-pc-linux-gnu/bin/../lib/gcc/nios2-elf/4.1.2/mno-hw-mul/libgcc.a(_div_df.o)
                0x0080be38                __divdf3
 .text          0x0080c090       0x88 /media/other/opt/altera/nios2eds/bin/gnu/H-i686-pc-linux-gnu/bin/../lib/gcc/nios2-elf/4.1.2/mno-hw-mul/libgcc.a(_eq_df.o)
                0x0080c090                __eqdf2
 .text          0x0080c118       0x88 /media/other/opt/altera/nios2eds/bin/gnu/H-i686-pc-linux-gnu/bin/../lib/gcc/nios2-elf/4.1.2/mno-hw-mul/libgcc.a(_ne_df.o)
                0x0080c118                __nedf2
 .text          0x0080c1a0       0x88 /media/other/opt/altera/nios2eds/bin/gnu/H-i686-pc-linux-gnu/bin/../lib/gcc/nios2-elf/4.1.2/mno-hw-mul/libgcc.a(_gt_df.o)
                0x0080c1a0                __gtdf2
 .text          0x0080c228       0x88 /media/other/opt/altera/nios2eds/bin/gnu/H-i686-pc-linux-gnu/bin/../lib/gcc/nios2-elf/4.1.2/mno-hw-mul/libgcc.a(_ge_df.o)
                0x0080c228                __gedf2
 .text          0x0080c2b0       0x88 /media/other/opt/altera/nios2eds/bin/gnu/H-i686-pc-linux-gnu/bin/../lib/gcc/nios2-elf/4.1.2/mno-hw-mul/libgcc.a(_lt_df.o)
                0x0080c2b0                __ltdf2
 .text          0x0080c338       0xf8 /media/other/opt/altera/nios2eds/bin/gnu/H-i686-pc-linux-gnu/bin/../lib/gcc/nios2-elf/4.1.2/mno-hw-mul/libgcc.a(_si_to_df.o)
                0x0080c338                __floatsidf
 .text          0x0080c430       0xd8 /media/other/opt/altera/nios2eds/bin/gnu/H-i686-pc-linux-gnu/bin/../lib/gcc/nios2-elf/4.1.2/mno-hw-mul/libgcc.a(_df_to_si.o)
                0x0080c430                __fixdfsi
 .text          0x0080c508        0x0 /media/other/opt/altera/nios2eds/bin/gnu/H-i686-pc-linux-gnu/bin/../lib/gcc/nios2-elf/4.1.2/mno-hw-mul/libgcc.a(_thenan_df.o)
 .text          0x0080c508      0x194 /media/other/opt/altera/nios2eds/bin/gnu/H-i686-pc-linux-gnu/bin/../lib/gcc/nios2-elf/4.1.2/mno-hw-mul/libgcc.a(_usi_to_df.o)
                0x0080c508                __floatunsidf
 .text          0x0080c69c      0x14c /media/other/opt/altera/nios2eds/bin/gnu/H-i686-pc-linux-gnu/bin/../lib/gcc/nios2-elf/4.1.2/mno-hw-mul/libgcc.a(lib2-divmod.o)
                0x0080c718                __divsi3
                0x0080c778                __modsi3
                0x0080c7d8                __udivsi3
                0x0080c7e0                __umodsi3
 .text          0x0080c7e8      0x124 /media/other/opt/altera/nios2eds/bin/gnu/H-i686-pc-linux-gnu/bin/../lib/gcc/nios2-elf/4.1.2/mno-hw-mul/libgcc.a(_muldi3.o)
                0x0080c7e8                __muldi3
 .text          0x0080c90c        0x0 /media/other/opt/altera/nios2eds/bin/gnu/H-i686-pc-linux-gnu/bin/../lib/gcc/nios2-elf/4.1.2/mno-hw-mul/libgcc.a(_clz.o)
 .text          0x0080c90c       0x80 /media/other/opt/altera/nios2eds/bin/gnu/H-i686-pc-linux-gnu/bin/../lib/gcc/nios2-elf/4.1.2/mno-hw-mul/libgcc.a(_clzsi2.o)
                0x0080c90c                __clzsi2
 .text          0x0080c98c      0x314 /media/other/opt/altera/nios2eds/bin/gnu/H-i686-pc-linux-gnu/bin/../lib/gcc/nios2-elf/4.1.2/mno-hw-mul/libgcc.a(_pack_df.o)
                0x0080c98c                __pack_d
 .text          0x0080cca0      0x138 /media/other/opt/altera/nios2eds/bin/gnu/H-i686-pc-linux-gnu/bin/../lib/gcc/nios2-elf/4.1.2/mno-hw-mul/libgcc.a(_unpack_df.o)
                0x0080cca0                __unpack_d
 .text          0x0080cdd8       0xc8 /media/other/opt/altera/nios2eds/bin/gnu/H-i686-pc-linux-gnu/bin/../lib/gcc/nios2-elf/4.1.2/mno-hw-mul/libgcc.a(_fpcmp_parts_df.o)
                0x0080cdd8                __fpcmp_parts_d
 .text          0x0080cea0      0x160 ../bsp//libucosii_bsp.a(alt_close.o)
                0x0080cea0                close
 .text          0x0080d000       0x2c ../bsp//libucosii_bsp.a(alt_dev.o)
 .text          0x0080d02c        0x0 ../bsp//libucosii_bsp.a(alt_errno.o)
 .text          0x0080d02c       0x6c ../bsp//libucosii_bsp.a(alt_exit.o)
                0x0080d06c                _exit
 .text          0x0080d098      0x138 ../bsp//libucosii_bsp.a(alt_fstat.o)
                0x0080d098                fstat
 .text          0x0080d1d0      0x124 ../bsp//libucosii_bsp.a(alt_isatty.o)
                0x0080d1d0                isatty
 .text          0x0080d2f4       0xec ../bsp//libucosii_bsp.a(alt_load.o)
                0x0080d2f4                alt_load
 .text          0x0080d3e0      0x154 ../bsp//libucosii_bsp.a(alt_lseek.o)
                0x0080d3e0                lseek
 .text          0x0080d534       0xc8 ../bsp//libucosii_bsp.a(alt_main.o)
                0x0080d534                alt_main
 .text          0x0080d5fc      0x2e4 ../bsp//libucosii_bsp.a(alt_open.o)
                0x0080d6f4                open
 .text          0x0080d8e0      0x184 ../bsp//libucosii_bsp.a(alt_read.o)
                0x0080d8e0                read
 .text          0x0080da64       0x78 ../bsp//libucosii_bsp.a(alt_release_fd.o)
                0x0080da64                alt_release_fd
 .text          0x0080dadc       0xbc ../bsp//libucosii_bsp.a(alt_sbrk.o)
                0x0080dadc                sbrk
 .text          0x0080db98      0x184 ../bsp//libucosii_bsp.a(alt_write.o)
                0x0080db98                write
 .text          0x0080dd1c      0x108 ../bsp//libucosii_bsp.a(alt_env_lock.o)
                0x0080dd1c                __env_lock
                0x0080ddc8                __env_unlock
 .text          0x0080de24      0x1d8 ../bsp//libucosii_bsp.a(alt_malloc_lock.o)
                0x0080de24                __malloc_lock
                0x0080df2c                __malloc_unlock
 .text          0x0080dffc     0x2128 ../bsp//libucosii_bsp.a(os_core.o)
                0x0080dffc                OSEventNameGet
                0x0080e12c                OSEventNameSet
                0x0080e270                OSEventPendMulti
                0x0080e924                OSInit
                0x0080e978                OSIntEnter
                0x0080e9f4                OSIntExit
                0x0080eaf4                OSSchedLock
                0x0080eb80                OSSchedUnlock
                0x0080ec64                OSStart
                0x0080ecd4                OSStatInit
                0x0080ed80                OSTimeTick
                0x0080efc0                OSVersion
                0x0080efe0                OS_Dummy
                0x0080effc                OS_EventTaskRdy
                0x0080f190                OS_EventTaskWait
                0x0080f2a0                OS_EventTaskWaitMulti
                0x0080f3f4                OS_EventTaskRemove
                0x0080f4ac                OS_EventTaskRemoveMulti
                0x0080f5b0                OS_EventWaitListInit
                0x0080f97c                OS_MemClr
                0x0080f9d0                OS_MemCopy
                0x0080fa3c                OS_Sched
                0x0080fb80                OS_StrCopy
                0x0080fc00                OS_StrLen
                0x0080fc58                OS_TaskIdle
                0x0080fcb4                OS_TaskStat
                0x0080fd7c                OS_TaskStatStkChk
                0x0080fe44                OS_TCBInit
 .text          0x00810124      0x18c ../bsp//libucosii_bsp.a(os_dbg.o)
                0x00810124                OSDebugInit
 .text          0x008102b0     0x193c ../bsp//libucosii_bsp.a(os_flag.o)
                0x008102b0                OSFlagAccept
                0x008105e4                OSFlagCreate
                0x00810720                OSFlagDel
                0x008109c8                OSFlagNameGet
                0x00810b0c                OSFlagNameSet
                0x00810c60                OSFlagPend
                0x008112a4                OSFlagPendGetFlagsRdy
                0x0081130c                OSFlagPost
                0x008116b4                OSFlagQuery
                0x0081194c                OS_FlagInit
                0x00811b40                OS_FlagUnlink
 .text          0x00811bec      0x80c ../bsp//libucosii_bsp.a(os_mem.o)
                0x00811bec                OSMemCreate
                0x00811e08                OSMemGet
                0x00811f0c                OSMemNameGet
                0x00812018                OSMemNameSet
                0x00812138                OSMemPut
                0x00812228                OSMemQuery
                0x00812324                OS_MemInit
 .text          0x008123f8     0x1334 ../bsp//libucosii_bsp.a(os_q.o)
                0x008123f8                OSQAccept
                0x0081254c                OSQCreate
                0x00812760                OSQDel
                0x00812a60                OSQFlush
                0x00812b28                OSQPend
                0x00812e48                OSQPendAbort
                0x00812fc4                OSQPost
                0x00813144                OSQPostFront
                0x008132cc                OSQPostOpt
                0x00813500                OSQQuery
                0x00813680                OS_QInit
 .text          0x0081372c      0xbc8 ../bsp//libucosii_bsp.a(os_sem.o)
                0x0081372c                OSSemAccept
                0x008137ec                OSSemCreate
                0x00813900                OSSemDel
                0x00813ba0                OSSemPend
                0x00813e1c                OSSemPendAbort
                0x00813f98                OSSemPost
                0x008140c0                OSSemQuery
                0x008141f0                OSSemSet
 .text          0x008142f4     0x1a40 ../bsp//libucosii_bsp.a(os_task.o)
                0x008142f4                OSTaskChangePrio
                0x00814868                OSTaskCreate
                0x00814a3c                OSTaskCreateExt
                0x00814c3c                OSTaskDel
                0x00815048                OSTaskDelReq
                0x008151b8                OSTaskNameGet
                0x00815370                OSTaskNameSet
                0x00815534                OSTaskResume
                0x0081574c                OSTaskStkChk
                0x00815948                OSTaskSuspend
                0x00815b74                OSTaskQuery
                0x00815cb8                OS_TaskStkClr
 .text          0x00815d34      0x5b4 ../bsp//libucosii_bsp.a(os_time.o)
                0x00815d34                OSTimeDly
                0x00815e80                OSTimeDlyHMSM
                0x00816010                OSTimeDlyResume
                0x00816220                OSTimeGet
                0x00816284                OSTimeSet
 .text          0x008162e8       0xc8 ../bsp//libucosii_bsp.a(alt_sys_init.o)
                0x008162e8                alt_irq_init
                0x0081631c                alt_sys_init
 .text          0x008163b0      0x148 ../bsp//libucosii_bsp.a(altera_avalon_jtag_uart_fd.o)
                0x008163b0                altera_avalon_jtag_uart_read_fd
                0x00816408                altera_avalon_jtag_uart_write_fd
                0x00816460                altera_avalon_jtag_uart_close_fd
                0x008164a8                altera_avalon_jtag_uart_ioctl_fd
 .text          0x008164f8      0x584 ../bsp//libucosii_bsp.a(altera_avalon_jtag_uart_init.o)
                0x008164f8                altera_avalon_jtag_uart_init
                0x00816a08                altera_avalon_jtag_uart_close
 .text          0x00816a7c       0xf4 ../bsp//libucosii_bsp.a(altera_avalon_jtag_uart_ioctl.o)
                0x00816a7c                altera_avalon_jtag_uart_ioctl
 .text          0x00816b70      0x2c0 ../bsp//libucosii_bsp.a(altera_avalon_jtag_uart_read.o)
                0x00816b70                altera_avalon_jtag_uart_read
 .text          0x00816e30      0x2dc ../bsp//libucosii_bsp.a(altera_avalon_jtag_uart_write.o)
                0x00816e30                altera_avalon_jtag_uart_write
 .text          0x0081710c      0x100 ../bsp//libucosii_bsp.a(altera_avalon_timer_sc.o)
                0x0081717c                alt_avalon_timer_sc_init
 .text          0x0081720c      0x154 ../bsp//libucosii_bsp.a(alt_alarm_start.o)
                0x0081720c                alt_alarm_start
 .text          0x00817360       0x1c ../bsp//libucosii_bsp.a(alt_dcache_flush_all.o)
                0x00817360                alt_dcache_flush_all
 .text          0x0081737c      0x114 ../bsp//libucosii_bsp.a(alt_dev_llist_insert.o)
                0x0081737c                alt_dev_llist_insert
 .text          0x00817490       0x64 ../bsp//libucosii_bsp.a(alt_do_ctors.o)
                0x00817490                _do_ctors
 .text          0x008174f4       0x64 ../bsp//libucosii_bsp.a(alt_do_dtors.o)
                0x008174f4                _do_dtors
 .text          0x00817558       0x94 ../bsp//libucosii_bsp.a(alt_find_dev.o)
                0x00817558                alt_find_dev
 .text          0x008175ec      0x120 ../bsp//libucosii_bsp.a(alt_find_file.o)
                0x008175ec                alt_find_file
 .text          0x0081770c      0x104 ../bsp//libucosii_bsp.a(alt_get_fd.o)
                0x0081770c                alt_get_fd
 .text          0x00817810       0x1c ../bsp//libucosii_bsp.a(alt_icache_flush_all.o)
                0x00817810                alt_icache_flush_all
 .text          0x0081782c      0x1d4 ../bsp//libucosii_bsp.a(alt_iic.o)
                0x0081782c                alt_ic_isr_register
                0x0081787c                alt_ic_irq_enable
                0x00817918                alt_ic_irq_disable
                0x008179b8                alt_ic_irq_enabled
 .text          0x00817a00       0xf8 ../bsp//libucosii_bsp.a(alt_iic_isr_register.o)
                0x00817a00                alt_iic_isr_register
 .text          0x00817af8      0x150 ../bsp//libucosii_bsp.a(alt_io_redirect.o)
                0x00817bd0                alt_io_redirect
 .text          0x00817c48        0x0 ../bsp//libucosii_bsp.a(alt_irq_entry.o)
 .text          0x00817c48        0x0 ../bsp//libucosii_bsp.a(alt_irq_handler.o)
 .text          0x00817c48        0x0 ../bsp//libucosii_bsp.a(alt_irq_vars.o)
 .text          0x00817c48      0x1a8 ../bsp//libucosii_bsp.a(alt_tick.o)
                0x00817c48                alt_alarm_stop
                0x00817ce0                alt_tick
 .text          0x00817df0       0x20 ../bsp//libucosii_bsp.a(altera_nios2_qsys_irq.o)
                0x00817df0                altera_nios2_qsys_irq_init
 .text          0x00817e10       0xd0 ../bsp//libucosii_bsp.a(os_cpu_a.o)
                0x00817e10                OSCtxSw
                0x00817e10                OSIntCtxSw
                0x00817e9c                OSStartHighRdy
                0x00817ebc                OSStartTsk
 .text          0x00817ee0      0x418 ../bsp//libucosii_bsp.a(os_cpu_c.o)
                0x00817ee0                OSTaskStkInit
                0x008181f0                OSTaskCreateHook
                0x00818210                OSTaskDelHook
                0x00818230                OSTaskSwHook
                0x0081824c                OSTaskStatHook
                0x00818268                OSTimeTickHook
                0x00818284                OSInitHookBegin
                0x008182a0                OSInitHookEnd
                0x008182bc                OSTaskIdleHook
                0x008182d8                OSTCBInitHook
 .text          0x008182f8        0x0 ../bsp//libucosii_bsp.a(alt_exception_entry.o)
 .text          0x008182f8       0x14 /media/other/opt/altera/nios2eds/bin/gnu/H-i686-pc-linux-gnu/bin/../lib/gcc/nios2-elf/4.1.2/../../../../nios2-elf/lib/mno-hw-mul/libc.a(lib_a-atexit.o)
                0x008182f8                atexit
 .text          0x0081830c       0x74 /media/other/opt/altera/nios2eds/bin/gnu/H-i686-pc-linux-gnu/bin/../lib/gcc/nios2-elf/4.1.2/../../../../nios2-elf/lib/mno-hw-mul/libc.a(lib_a-memcmp.o)
                0x0081830c                memcmp
 .text          0x00818380      0x134 /media/other/opt/altera/nios2eds/bin/gnu/H-i686-pc-linux-gnu/bin/../lib/gcc/nios2-elf/4.1.2/../../../../nios2-elf/lib/mno-hw-mul/libc.a(lib_a-__atexit.o)
                0x00818380                __register_exitproc
 *(.gnu.warning.*)
 *(.fini)
                0x008184b4                PROVIDE (__etext, ABSOLUTE (.))
                0x008184b4                PROVIDE (_etext, ABSOLUTE (.))
                0x008184b4                PROVIDE (etext, ABSOLUTE (.))
 *(.eh_frame_hdr)
                0x008184b4                . = ALIGN (0x4)
                0x008184b4                PROVIDE (__preinit_array_start, ABSOLUTE (.))
 *(.preinit_array)
                0x008184b4                PROVIDE (__preinit_array_end, ABSOLUTE (.))
                0x008184b4                PROVIDE (__init_array_start, ABSOLUTE (.))
 *(.init_array)
                0x008184b4                PROVIDE (__init_array_end, ABSOLUTE (.))
                0x008184b4                PROVIDE (__fini_array_start, ABSOLUTE (.))
 *(.fini_array)
                0x008184b4                PROVIDE (__fini_array_end, ABSOLUTE (.))
 *(.eh_frame)
 .eh_frame      0x008184b4       0x40 /media/other/opt/altera/nios2eds/bin/gnu/H-i686-pc-linux-gnu/bin/../lib/gcc/nios2-elf/4.1.2/mno-hw-mul/libgcc.a(_udivdi3.o)
 .eh_frame      0x008184f4       0x2c /media/other/opt/altera/nios2eds/bin/gnu/H-i686-pc-linux-gnu/bin/../lib/gcc/nios2-elf/4.1.2/mno-hw-mul/libgcc.a(_umoddi3.o)
                                 0x40 (size before relaxing)
 *(.gcc_except_table)
 *(.dynamic)
                0x00818520                PROVIDE (__CTOR_LIST__, ABSOLUTE (.))
 *(.ctors)
 *(SORT(.ctors.*))
 .ctors.65535   0x00818520        0x4 /media/other/opt/altera/nios2eds/bin/gnu/H-i686-pc-linux-gnu/bin/../lib/gcc/nios2-elf/4.1.2/../../../../nios2-elf/lib/mno-hw-mul/libc.a(lib_a-__call_atexit.o)
                0x00818524                PROVIDE (__CTOR_END__, ABSOLUTE (.))
                0x00818524                PROVIDE (__DTOR_LIST__, ABSOLUTE (.))
 *(.dtors)
 *(SORT(.dtors.*))
                0x00818524                PROVIDE (__DTOR_END__, ABSOLUTE (.))
 *(.jcr)
                0x00818524                . = ALIGN (0x4)

.rodata         0x00818524     0x1708
                0x00818524                PROVIDE (__ram_rodata_start, ABSOLUTE (.))
                0x00818524                . = ALIGN (0x4)
 *(.rodata .rodata.* .gnu.linkonce.r.*)
 .rodata        0x00818524      0x378 obj/default/alt_ucosii_simple_error_check.o
 .rodata        0x0081889c      0xd88 obj/default/print.o
                0x0081889c                diagram
                0x00818b5b                frame
 .rodata        0x00819624      0x1a0 obj/default/traffic.o
 .rodata.str1.4
                0x008197c4        0x2 /media/other/opt/altera/nios2eds/bin/gnu/H-i686-pc-linux-gnu/bin/../lib/gcc/nios2-elf/4.1.2/../../../../nios2-elf/lib/mno-hw-mul/libc.a(lib_a-impure.o)
                                  0x4 (size before relaxing)
 *fill*         0x008197c6        0x2 00
 .rodata.str1.4
                0x008197c8        0x2 /media/other/opt/altera/nios2eds/bin/gnu/H-i686-pc-linux-gnu/bin/../lib/gcc/nios2-elf/4.1.2/../../../../nios2-elf/lib/mno-hw-mul/libc.a(lib_a-puts.o)
                                  0x4 (size before relaxing)
 *fill*         0x008197ca        0x2 00
 .rodata.str1.4
                0x008197cc       0x5e /media/other/opt/altera/nios2eds/bin/gnu/H-i686-pc-linux-gnu/bin/../lib/gcc/nios2-elf/4.1.2/../../../../nios2-elf/lib/mno-hw-mul/libc.a(lib_a-vfprintf.o)
                                 0x60 (size before relaxing)
 .rodata        0x0081982a       0x20 /media/other/opt/altera/nios2eds/bin/gnu/H-i686-pc-linux-gnu/bin/../lib/gcc/nios2-elf/4.1.2/../../../../nios2-elf/lib/mno-hw-mul/libc.a(lib_a-vfprintf.o)
 *fill*         0x0081984a        0x2 00
 .rodata.str1.4
                0x0081984c       0x10 /media/other/opt/altera/nios2eds/bin/gnu/H-i686-pc-linux-gnu/bin/../lib/gcc/nios2-elf/4.1.2/../../../../nios2-elf/lib/mno-hw-mul/libc.a(lib_a-dtoa.o)
                                 0x14 (size before relaxing)
 .rodata.str1.4
                0x0081985c       0x10 /media/other/opt/altera/nios2eds/bin/gnu/H-i686-pc-linux-gnu/bin/../lib/gcc/nios2-elf/4.1.2/../../../../nios2-elf/lib/mno-hw-mul/libc.a(lib_a-locale.o)
                                 0x18 (size before relaxing)
 .rodata        0x0081986c       0x30 /media/other/opt/altera/nios2eds/bin/gnu/H-i686-pc-linux-gnu/bin/../lib/gcc/nios2-elf/4.1.2/../../../../nios2-elf/lib/mno-hw-mul/libc.a(lib_a-locale.o)
 .rodata        0x0081989c      0x124 /media/other/opt/altera/nios2eds/bin/gnu/H-i686-pc-linux-gnu/bin/../lib/gcc/nios2-elf/4.1.2/../../../../nios2-elf/lib/mno-hw-mul/libc.a(lib_a-mprec.o)
                0x0081989c                __mprec_tens
                0x00819964                __mprec_bigtens
                0x0081998c                __mprec_tinytens
 .rodata        0x008199c0       0x14 /media/other/opt/altera/nios2eds/bin/gnu/H-i686-pc-linux-gnu/bin/../lib/gcc/nios2-elf/4.1.2/mno-hw-mul/libgcc.a(_thenan_df.o)
                0x008199c0                __thenan_df
 .rodata        0x008199d4      0x100 /media/other/opt/altera/nios2eds/bin/gnu/H-i686-pc-linux-gnu/bin/../lib/gcc/nios2-elf/4.1.2/mno-hw-mul/libgcc.a(_clz.o)
                0x008199d4                __clz_tab
 .rodata        0x00819ad4        0xc ../bsp//libucosii_bsp.a(alt_dev.o)
 .rodata        0x00819ae0       0x14 ../bsp//libucosii_bsp.a(alt_main.o)
 .rodata        0x00819af4      0x120 ../bsp//libucosii_bsp.a(os_core.o)
                0x00819af4                OSUnMapTbl
 .rodata        0x00819c14       0x14 ../bsp//libucosii_bsp.a(alt_sys_init.o)
 .rodata        0x00819c28        0x4 ../bsp//libucosii_bsp.a(os_cpu_c.o)
 *(.rodata1)
                0x00819c2c                . = ALIGN (0x4)
                0x00819c2c                PROVIDE (__ram_rodata_end, ABSOLUTE (.))
                0x00818524                PROVIDE (__flash_rodata_start, LOADADDR (.rodata))

.rwdata         0x00819c2c     0x1b84 load address 0x0081b7b0
                0x00819c2c                PROVIDE (__ram_rwdata_start, ABSOLUTE (.))
                0x00819c2c                . = ALIGN (0x4)
 *(.got.plt)
 *(.got)
 *(.data1)
 *(.data .data.* .gnu.linkonce.d.*)
 .data          0x00819c2c        0x0 ../bsp//obj/HAL/src/crt0.o
 .data          0x00819c2c        0x0 obj/default/alt_ucosii_simple_error_check.o
 .data          0x00819c2c       0x84 obj/default/print.o
                0x00819c2c                pipes
                0x00819c50                light_loc
                0x00819c80                car_loc
                0x00819c90                walk_loc
 .data          0x00819cb0        0x0 obj/default/traffic.o
 .data          0x00819cb0        0x0 /media/other/opt/altera/nios2eds/bin/gnu/H-i686-pc-linux-gnu/bin/../lib/gcc/nios2-elf/4.1.2/mno-hw-mul/libgcc.a(lib2-mul.o)
 .data          0x00819cb0        0x0 /media/other/opt/altera/nios2eds/bin/gnu/H-i686-pc-linux-gnu/bin/../lib/gcc/nios2-elf/4.1.2/../../../../nios2-elf/lib/mno-hw-mul/libc.a(lib_a-exit.o)
 .data          0x00819cb0        0x0 /media/other/opt/altera/nios2eds/bin/gnu/H-i686-pc-linux-gnu/bin/../lib/gcc/nios2-elf/4.1.2/../../../../nios2-elf/lib/mno-hw-mul/libc.a(lib_a-fopen.o)
 .data          0x00819cb0        0x0 /media/other/opt/altera/nios2eds/bin/gnu/H-i686-pc-linux-gnu/bin/../lib/gcc/nios2-elf/4.1.2/../../../../nios2-elf/lib/mno-hw-mul/libc.a(lib_a-fprintf.o)
 .data          0x00819cb0        0x0 /media/other/opt/altera/nios2eds/bin/gnu/H-i686-pc-linux-gnu/bin/../lib/gcc/nios2-elf/4.1.2/../../../../nios2-elf/lib/mno-hw-mul/libc.a(lib_a-fseek.o)
 .data          0x00819cb0        0x0 /media/other/opt/altera/nios2eds/bin/gnu/H-i686-pc-linux-gnu/bin/../lib/gcc/nios2-elf/4.1.2/../../../../nios2-elf/lib/mno-hw-mul/libc.a(lib_a-fstatr.o)
 .data          0x00819cb0        0x0 /media/other/opt/altera/nios2eds/bin/gnu/H-i686-pc-linux-gnu/bin/../lib/gcc/nios2-elf/4.1.2/../../../../nios2-elf/lib/mno-hw-mul/libc.a(lib_a-fwrite.o)
 .data          0x00819cb0        0x0 /media/other/opt/altera/nios2eds/bin/gnu/H-i686-pc-linux-gnu/bin/../lib/gcc/nios2-elf/4.1.2/../../../../nios2-elf/lib/mno-hw-mul/libc.a(lib_a-getc.o)
 .data          0x00819cb0      0x400 /media/other/opt/altera/nios2eds/bin/gnu/H-i686-pc-linux-gnu/bin/../lib/gcc/nios2-elf/4.1.2/../../../../nios2-elf/lib/mno-hw-mul/libc.a(lib_a-impure.o)
 .data          0x0081a0b0        0x0 /media/other/opt/altera/nios2eds/bin/gnu/H-i686-pc-linux-gnu/bin/../lib/gcc/nios2-elf/4.1.2/../../../../nios2-elf/lib/mno-hw-mul/libc.a(lib_a-int_errno.o)
 .data          0x0081a0b0        0x0 /media/other/opt/altera/nios2eds/bin/gnu/H-i686-pc-linux-gnu/bin/../lib/gcc/nios2-elf/4.1.2/../../../../nios2-elf/lib/mno-hw-mul/libc.a(lib_a-makebuf.o)
 .data          0x0081a0b0      0x408 /media/other/opt/altera/nios2eds/bin/gnu/H-i686-pc-linux-gnu/bin/../lib/gcc/nios2-elf/4.1.2/../../../../nios2-elf/lib/mno-hw-mul/libc.a(lib_a-mallocr.o)
                0x0081a0b0                __malloc_av_
 .data          0x0081a4b8        0x0 /media/other/opt/altera/nios2eds/bin/gnu/H-i686-pc-linux-gnu/bin/../lib/gcc/nios2-elf/4.1.2/../../../../nios2-elf/lib/mno-hw-mul/libc.a(lib_a-memset.o)
 .data          0x0081a4b8        0x0 /media/other/opt/altera/nios2eds/bin/gnu/H-i686-pc-linux-gnu/bin/../lib/gcc/nios2-elf/4.1.2/../../../../nios2-elf/lib/mno-hw-mul/libc.a(lib_a-openr.o)
 .data          0x0081a4b8        0x0 /media/other/opt/altera/nios2eds/bin/gnu/H-i686-pc-linux-gnu/bin/../lib/gcc/nios2-elf/4.1.2/../../../../nios2-elf/lib/mno-hw-mul/libc.a(lib_a-printf.o)
 .data          0x0081a4b8        0x0 /media/other/opt/altera/nios2eds/bin/gnu/H-i686-pc-linux-gnu/bin/../lib/gcc/nios2-elf/4.1.2/../../../../nios2-elf/lib/mno-hw-mul/libc.a(lib_a-putchar.o)
 .data          0x0081a4b8        0x0 /media/other/opt/altera/nios2eds/bin/gnu/H-i686-pc-linux-gnu/bin/../lib/gcc/nios2-elf/4.1.2/../../../../nios2-elf/lib/mno-hw-mul/libc.a(lib_a-puts.o)
 .data          0x0081a4b8        0x0 /media/other/opt/altera/nios2eds/bin/gnu/H-i686-pc-linux-gnu/bin/../lib/gcc/nios2-elf/4.1.2/../../../../nios2-elf/lib/mno-hw-mul/libc.a(lib_a-refill.o)
 .data          0x0081a4b8        0x0 /media/other/opt/altera/nios2eds/bin/gnu/H-i686-pc-linux-gnu/bin/../lib/gcc/nios2-elf/4.1.2/../../../../nios2-elf/lib/mno-hw-mul/libc.a(lib_a-rget.o)
 .data          0x0081a4b8        0x0 /media/other/opt/altera/nios2eds/bin/gnu/H-i686-pc-linux-gnu/bin/../lib/gcc/nios2-elf/4.1.2/../../../../nios2-elf/lib/mno-hw-mul/libc.a(lib_a-sbrkr.o)
 .data          0x0081a4b8        0x0 /media/other/opt/altera/nios2eds/bin/gnu/H-i686-pc-linux-gnu/bin/../lib/gcc/nios2-elf/4.1.2/../../../../nios2-elf/lib/mno-hw-mul/libc.a(lib_a-stdio.o)
 .data          0x0081a4b8        0x0 /media/other/opt/altera/nios2eds/bin/gnu/H-i686-pc-linux-gnu/bin/../lib/gcc/nios2-elf/4.1.2/../../../../nios2-elf/lib/mno-hw-mul/libc.a(lib_a-strlen.o)
 .data          0x0081a4b8        0x0 /media/other/opt/altera/nios2eds/bin/gnu/H-i686-pc-linux-gnu/bin/../lib/gcc/nios2-elf/4.1.2/../../../../nios2-elf/lib/mno-hw-mul/libc.a(lib_a-vfprintf.o)
 .data          0x0081a4b8        0x0 /media/other/opt/altera/nios2eds/bin/gnu/H-i686-pc-linux-gnu/bin/../lib/gcc/nios2-elf/4.1.2/../../../../nios2-elf/lib/mno-hw-mul/libc.a(lib_a-writer.o)
 .data          0x0081a4b8        0x0 /media/other/opt/altera/nios2eds/bin/gnu/H-i686-pc-linux-gnu/bin/../lib/gcc/nios2-elf/4.1.2/../../../../nios2-elf/lib/mno-hw-mul/libc.a(lib_a-wsetup.o)
 .data          0x0081a4b8        0x0 /media/other/opt/altera/nios2eds/bin/gnu/H-i686-pc-linux-gnu/bin/../lib/gcc/nios2-elf/4.1.2/../../../../nios2-elf/lib/mno-hw-mul/libc.a(lib_a-__call_atexit.o)
 .data          0x0081a4b8        0x0 /media/other/opt/altera/nios2eds/bin/gnu/H-i686-pc-linux-gnu/bin/../lib/gcc/nios2-elf/4.1.2/../../../../nios2-elf/lib/mno-hw-mul/libc.a(lib_a-closer.o)
 .data          0x0081a4b8        0x0 /media/other/opt/altera/nios2eds/bin/gnu/H-i686-pc-linux-gnu/bin/../lib/gcc/nios2-elf/4.1.2/../../../../nios2-elf/lib/mno-hw-mul/libc.a(lib_a-dtoa.o)
 .data          0x0081a4b8        0x0 /media/other/opt/altera/nios2eds/bin/gnu/H-i686-pc-linux-gnu/bin/../lib/gcc/nios2-elf/4.1.2/../../../../nios2-elf/lib/mno-hw-mul/libc.a(lib_a-fflush.o)
 .data          0x0081a4b8        0x0 /media/other/opt/altera/nios2eds/bin/gnu/H-i686-pc-linux-gnu/bin/../lib/gcc/nios2-elf/4.1.2/../../../../nios2-elf/lib/mno-hw-mul/libc.a(lib_a-findfp.o)
 .data          0x0081a4b8        0x0 /media/other/opt/altera/nios2eds/bin/gnu/H-i686-pc-linux-gnu/bin/../lib/gcc/nios2-elf/4.1.2/../../../../nios2-elf/lib/mno-hw-mul/libc.a(lib_a-flags.o)
 .data          0x0081a4b8        0x0 /media/other/opt/altera/nios2eds/bin/gnu/H-i686-pc-linux-gnu/bin/../lib/gcc/nios2-elf/4.1.2/../../../../nios2-elf/lib/mno-hw-mul/libc.a(lib_a-freer.o)
 .data          0x0081a4b8        0x0 /media/other/opt/altera/nios2eds/bin/gnu/H-i686-pc-linux-gnu/bin/../lib/gcc/nios2-elf/4.1.2/../../../../nios2-elf/lib/mno-hw-mul/libc.a(lib_a-fvwrite.o)
 .data          0x0081a4b8        0x0 /media/other/opt/altera/nios2eds/bin/gnu/H-i686-pc-linux-gnu/bin/../lib/gcc/nios2-elf/4.1.2/../../../../nios2-elf/lib/mno-hw-mul/libc.a(lib_a-fwalk.o)
 .data          0x0081a4b8        0x0 /media/other/opt/altera/nios2eds/bin/gnu/H-i686-pc-linux-gnu/bin/../lib/gcc/nios2-elf/4.1.2/../../../../nios2-elf/lib/mno-hw-mul/libc.a(lib_a-isattyr.o)
 .data          0x0081a4b8        0xc /media/other/opt/altera/nios2eds/bin/gnu/H-i686-pc-linux-gnu/bin/../lib/gcc/nios2-elf/4.1.2/../../../../nios2-elf/lib/mno-hw-mul/libc.a(lib_a-locale.o)
                0x0081a4b8                __lc_ctype
 .data          0x0081a4c4        0x0 /media/other/opt/altera/nios2eds/bin/gnu/H-i686-pc-linux-gnu/bin/../lib/gcc/nios2-elf/4.1.2/../../../../nios2-elf/lib/mno-hw-mul/libc.a(lib_a-lseekr.o)
 .data          0x0081a4c4        0x0 /media/other/opt/altera/nios2eds/bin/gnu/H-i686-pc-linux-gnu/bin/../lib/gcc/nios2-elf/4.1.2/../../../../nios2-elf/lib/mno-hw-mul/libc.a(lib_a-memchr.o)
 .data          0x0081a4c4        0x0 /media/other/opt/altera/nios2eds/bin/gnu/H-i686-pc-linux-gnu/bin/../lib/gcc/nios2-elf/4.1.2/../../../../nios2-elf/lib/mno-hw-mul/libc.a(lib_a-memcpy.o)
 .data          0x0081a4c4        0x0 /media/other/opt/altera/nios2eds/bin/gnu/H-i686-pc-linux-gnu/bin/../lib/gcc/nios2-elf/4.1.2/../../../../nios2-elf/lib/mno-hw-mul/libc.a(lib_a-memmove.o)
 .data          0x0081a4c4        0x0 /media/other/opt/altera/nios2eds/bin/gnu/H-i686-pc-linux-gnu/bin/../lib/gcc/nios2-elf/4.1.2/../../../../nios2-elf/lib/mno-hw-mul/libc.a(lib_a-mprec.o)
 .data          0x0081a4c4        0x0 /media/other/opt/altera/nios2eds/bin/gnu/H-i686-pc-linux-gnu/bin/../lib/gcc/nios2-elf/4.1.2/../../../../nios2-elf/lib/mno-hw-mul/libc.a(lib_a-putc.o)
 .data          0x0081a4c4        0x0 /media/other/opt/altera/nios2eds/bin/gnu/H-i686-pc-linux-gnu/bin/../lib/gcc/nios2-elf/4.1.2/../../../../nios2-elf/lib/mno-hw-mul/libc.a(lib_a-readr.o)
 .data          0x0081a4c4        0x0 /media/other/opt/altera/nios2eds/bin/gnu/H-i686-pc-linux-gnu/bin/../lib/gcc/nios2-elf/4.1.2/../../../../nios2-elf/lib/mno-hw-mul/libc.a(lib_a-reallocr.o)
 .data          0x0081a4c4        0x0 /media/other/opt/altera/nios2eds/bin/gnu/H-i686-pc-linux-gnu/bin/../lib/gcc/nios2-elf/4.1.2/../../../../nios2-elf/lib/mno-hw-mul/libc.a(lib_a-s_isinfd.o)
 .data          0x0081a4c4        0x0 /media/other/opt/altera/nios2eds/bin/gnu/H-i686-pc-linux-gnu/bin/../lib/gcc/nios2-elf/4.1.2/../../../../nios2-elf/lib/mno-hw-mul/libc.a(lib_a-s_isnand.o)
 .data          0x0081a4c4        0x0 /media/other/opt/altera/nios2eds/bin/gnu/H-i686-pc-linux-gnu/bin/../lib/gcc/nios2-elf/4.1.2/../../../../nios2-elf/lib/mno-hw-mul/libc.a(lib_a-strcmp.o)
 .data          0x0081a4c4        0x0 /media/other/opt/altera/nios2eds/bin/gnu/H-i686-pc-linux-gnu/bin/../lib/gcc/nios2-elf/4.1.2/../../../../nios2-elf/lib/mno-hw-mul/libc.a(lib_a-wbuf.o)
 .data          0x0081a4c4        0x0 /media/other/opt/altera/nios2eds/bin/gnu/H-i686-pc-linux-gnu/bin/../lib/gcc/nios2-elf/4.1.2/../../../../nios2-elf/lib/mno-hw-mul/libc.a(lib_a-callocr.o)
 .data          0x0081a4c4        0x0 /media/other/opt/altera/nios2eds/bin/gnu/H-i686-pc-linux-gnu/bin/../lib/gcc/nios2-elf/4.1.2/../../../../nios2-elf/lib/mno-hw-mul/libc.a(lib_a-fclose.o)
 .data          0x0081a4c4        0x0 /media/other/opt/altera/nios2eds/bin/gnu/H-i686-pc-linux-gnu/bin/../lib/gcc/nios2-elf/4.1.2/mno-hw-mul/libgcc.a(_udivdi3.o)
 .data          0x0081a4c4        0x0 /media/other/opt/altera/nios2eds/bin/gnu/H-i686-pc-linux-gnu/bin/../lib/gcc/nios2-elf/4.1.2/mno-hw-mul/libgcc.a(_umoddi3.o)
 .data          0x0081a4c4        0x0 /media/other/opt/altera/nios2eds/bin/gnu/H-i686-pc-linux-gnu/bin/../lib/gcc/nios2-elf/4.1.2/mno-hw-mul/libgcc.a(_addsub_df.o)
 .data          0x0081a4c4        0x0 /media/other/opt/altera/nios2eds/bin/gnu/H-i686-pc-linux-gnu/bin/../lib/gcc/nios2-elf/4.1.2/mno-hw-mul/libgcc.a(_mul_df.o)
 .data          0x0081a4c4        0x0 /media/other/opt/altera/nios2eds/bin/gnu/H-i686-pc-linux-gnu/bin/../lib/gcc/nios2-elf/4.1.2/mno-hw-mul/libgcc.a(_div_df.o)
 .data          0x0081a4c4        0x0 /media/other/opt/altera/nios2eds/bin/gnu/H-i686-pc-linux-gnu/bin/../lib/gcc/nios2-elf/4.1.2/mno-hw-mul/libgcc.a(_eq_df.o)
 .data          0x0081a4c4        0x0 /media/other/opt/altera/nios2eds/bin/gnu/H-i686-pc-linux-gnu/bin/../lib/gcc/nios2-elf/4.1.2/mno-hw-mul/libgcc.a(_ne_df.o)
 .data          0x0081a4c4        0x0 /media/other/opt/altera/nios2eds/bin/gnu/H-i686-pc-linux-gnu/bin/../lib/gcc/nios2-elf/4.1.2/mno-hw-mul/libgcc.a(_gt_df.o)
 .data          0x0081a4c4        0x0 /media/other/opt/altera/nios2eds/bin/gnu/H-i686-pc-linux-gnu/bin/../lib/gcc/nios2-elf/4.1.2/mno-hw-mul/libgcc.a(_ge_df.o)
 .data          0x0081a4c4        0x0 /media/other/opt/altera/nios2eds/bin/gnu/H-i686-pc-linux-gnu/bin/../lib/gcc/nios2-elf/4.1.2/mno-hw-mul/libgcc.a(_lt_df.o)
 .data          0x0081a4c4        0x0 /media/other/opt/altera/nios2eds/bin/gnu/H-i686-pc-linux-gnu/bin/../lib/gcc/nios2-elf/4.1.2/mno-hw-mul/libgcc.a(_si_to_df.o)
 .data          0x0081a4c4        0x0 /media/other/opt/altera/nios2eds/bin/gnu/H-i686-pc-linux-gnu/bin/../lib/gcc/nios2-elf/4.1.2/mno-hw-mul/libgcc.a(_df_to_si.o)
 .data          0x0081a4c4        0x0 /media/other/opt/altera/nios2eds/bin/gnu/H-i686-pc-linux-gnu/bin/../lib/gcc/nios2-elf/4.1.2/mno-hw-mul/libgcc.a(_thenan_df.o)
 .data          0x0081a4c4        0x0 /media/other/opt/altera/nios2eds/bin/gnu/H-i686-pc-linux-gnu/bin/../lib/gcc/nios2-elf/4.1.2/mno-hw-mul/libgcc.a(_usi_to_df.o)
 .data          0x0081a4c4        0x0 /media/other/opt/altera/nios2eds/bin/gnu/H-i686-pc-linux-gnu/bin/../lib/gcc/nios2-elf/4.1.2/mno-hw-mul/libgcc.a(lib2-divmod.o)
 .data          0x0081a4c4        0x0 /media/other/opt/altera/nios2eds/bin/gnu/H-i686-pc-linux-gnu/bin/../lib/gcc/nios2-elf/4.1.2/mno-hw-mul/libgcc.a(_muldi3.o)
 .data          0x0081a4c4        0x0 /media/other/opt/altera/nios2eds/bin/gnu/H-i686-pc-linux-gnu/bin/../lib/gcc/nios2-elf/4.1.2/mno-hw-mul/libgcc.a(_clz.o)
 .data          0x0081a4c4        0x0 /media/other/opt/altera/nios2eds/bin/gnu/H-i686-pc-linux-gnu/bin/../lib/gcc/nios2-elf/4.1.2/mno-hw-mul/libgcc.a(_clzsi2.o)
 .data          0x0081a4c4        0x0 /media/other/opt/altera/nios2eds/bin/gnu/H-i686-pc-linux-gnu/bin/../lib/gcc/nios2-elf/4.1.2/mno-hw-mul/libgcc.a(_pack_df.o)
 .data          0x0081a4c4        0x0 /media/other/opt/altera/nios2eds/bin/gnu/H-i686-pc-linux-gnu/bin/../lib/gcc/nios2-elf/4.1.2/mno-hw-mul/libgcc.a(_unpack_df.o)
 .data          0x0081a4c4        0x0 /media/other/opt/altera/nios2eds/bin/gnu/H-i686-pc-linux-gnu/bin/../lib/gcc/nios2-elf/4.1.2/mno-hw-mul/libgcc.a(_fpcmp_parts_df.o)
 .data          0x0081a4c4        0x0 ../bsp//libucosii_bsp.a(alt_close.o)
 .data          0x0081a4c4      0x1a8 ../bsp//libucosii_bsp.a(alt_dev.o)
                0x0081a4c4                alt_dev_null
                0x0081a4ec                alt_fd_list
 .data          0x0081a66c        0x0 ../bsp//libucosii_bsp.a(alt_errno.o)
 .data          0x0081a66c        0x0 ../bsp//libucosii_bsp.a(alt_exit.o)
 .data          0x0081a66c        0x0 ../bsp//libucosii_bsp.a(alt_fstat.o)
 .data          0x0081a66c        0x0 ../bsp//libucosii_bsp.a(alt_isatty.o)
 .data          0x0081a66c        0x0 ../bsp//libucosii_bsp.a(alt_load.o)
 .data          0x0081a66c        0x0 ../bsp//libucosii_bsp.a(alt_lseek.o)
 .data          0x0081a66c        0x0 ../bsp//libucosii_bsp.a(alt_main.o)
 .data          0x0081a66c        0x0 ../bsp//libucosii_bsp.a(alt_open.o)
 .data          0x0081a66c        0x0 ../bsp//libucosii_bsp.a(alt_read.o)
 .data          0x0081a66c        0x0 ../bsp//libucosii_bsp.a(alt_release_fd.o)
 .data          0x0081a66c        0x0 ../bsp//libucosii_bsp.a(alt_sbrk.o)
 .data          0x0081a66c        0x0 ../bsp//libucosii_bsp.a(alt_write.o)
 .data          0x0081a66c        0x0 ../bsp//libucosii_bsp.a(alt_env_lock.o)
 .data          0x0081a66c        0x0 ../bsp//libucosii_bsp.a(alt_malloc_lock.o)
 .data          0x0081a66c        0x0 ../bsp//libucosii_bsp.a(os_core.o)
 .data          0x0081a66c        0x0 ../bsp//libucosii_bsp.a(os_dbg.o)
 .data          0x0081a66c        0x0 ../bsp//libucosii_bsp.a(os_flag.o)
 .data          0x0081a66c        0x0 ../bsp//libucosii_bsp.a(os_mem.o)
 .data          0x0081a66c        0x0 ../bsp//libucosii_bsp.a(os_q.o)
 .data          0x0081a66c        0x0 ../bsp//libucosii_bsp.a(os_sem.o)
 .data          0x0081a66c        0x0 ../bsp//libucosii_bsp.a(os_task.o)
 .data          0x0081a66c        0x0 ../bsp//libucosii_bsp.a(os_time.o)
 .data          0x0081a66c     0x106c ../bsp//libucosii_bsp.a(alt_sys_init.o)
 .data          0x0081b6d8        0x0 ../bsp//libucosii_bsp.a(altera_avalon_jtag_uart_fd.o)
 .data          0x0081b6d8        0x0 ../bsp//libucosii_bsp.a(altera_avalon_jtag_uart_init.o)
 .data          0x0081b6d8        0x0 ../bsp//libucosii_bsp.a(altera_avalon_jtag_uart_ioctl.o)
 .data          0x0081b6d8        0x0 ../bsp//libucosii_bsp.a(altera_avalon_jtag_uart_read.o)
 .data          0x0081b6d8        0x0 ../bsp//libucosii_bsp.a(altera_avalon_jtag_uart_write.o)
 .data          0x0081b6d8        0x0 ../bsp//libucosii_bsp.a(altera_avalon_timer_sc.o)
 .data          0x0081b6d8        0x0 ../bsp//libucosii_bsp.a(alt_alarm_start.o)
 .data          0x0081b6d8        0x0 ../bsp//libucosii_bsp.a(alt_dcache_flush_all.o)
 .data          0x0081b6d8        0x0 ../bsp//libucosii_bsp.a(alt_dev_llist_insert.o)
 .data          0x0081b6d8        0x0 ../bsp//libucosii_bsp.a(alt_do_ctors.o)
 .data          0x0081b6d8        0x0 ../bsp//libucosii_bsp.a(alt_do_dtors.o)
 .data          0x0081b6d8        0x0 ../bsp//libucosii_bsp.a(alt_find_dev.o)
 .data          0x0081b6d8        0x0 ../bsp//libucosii_bsp.a(alt_find_file.o)
 .data          0x0081b6d8        0x0 ../bsp//libucosii_bsp.a(alt_get_fd.o)
 .data          0x0081b6d8        0x0 ../bsp//libucosii_bsp.a(alt_icache_flush_all.o)
 .data          0x0081b6d8        0x0 ../bsp//libucosii_bsp.a(alt_iic.o)
 .data          0x0081b6d8        0x0 ../bsp//libucosii_bsp.a(alt_iic_isr_register.o)
 .data          0x0081b6d8        0x0 ../bsp//libucosii_bsp.a(alt_io_redirect.o)
 .data          0x0081b6d8        0x0 ../bsp//libucosii_bsp.a(alt_irq_entry.o)
 .data          0x0081b6d8        0x0 ../bsp//libucosii_bsp.a(alt_irq_handler.o)
 .data          0x0081b6d8        0x0 ../bsp//libucosii_bsp.a(alt_irq_vars.o)
 .data          0x0081b6d8        0x0 ../bsp//libucosii_bsp.a(alt_tick.o)
 .data          0x0081b6d8        0x0 ../bsp//libucosii_bsp.a(altera_nios2_qsys_irq.o)
 .data          0x0081b6d8        0x0 ../bsp//libucosii_bsp.a(os_cpu_a.o)
 .data          0x0081b6d8        0x0 ../bsp//libucosii_bsp.a(os_cpu_c.o)
 .data          0x0081b6d8        0x0 ../bsp//libucosii_bsp.a(alt_exception_entry.o)
 .data          0x0081b6d8        0x0 /media/other/opt/altera/nios2eds/bin/gnu/H-i686-pc-linux-gnu/bin/../lib/gcc/nios2-elf/4.1.2/../../../../nios2-elf/lib/mno-hw-mul/libc.a(lib_a-atexit.o)
 .data          0x0081b6d8        0x0 /media/other/opt/altera/nios2eds/bin/gnu/H-i686-pc-linux-gnu/bin/../lib/gcc/nios2-elf/4.1.2/../../../../nios2-elf/lib/mno-hw-mul/libc.a(lib_a-memcmp.o)
 .data          0x0081b6d8        0x0 /media/other/opt/altera/nios2eds/bin/gnu/H-i686-pc-linux-gnu/bin/../lib/gcc/nios2-elf/4.1.2/../../../../nios2-elf/lib/mno-hw-mul/libc.a(lib_a-__atexit.o)
                0x008236d8                _gp = ABSOLUTE ((. + 0x8000))
                0x008236d8                PROVIDE (gp, _gp)
 *(.rwdata .rwdata.*)
 *(.sdata .sdata.* .gnu.linkonce.s.*)
 .sdata         0x0081b6d8       0x18 obj/default/print.o
                0x0081b6d8                keymap_loc
                0x0081b6e0                street_loc
                0x0081b6e8                status_loc
 .sdata         0x0081b6f0        0x4 obj/default/traffic.o
                0x0081b6f0                emergency_duration
 .sdata         0x0081b6f4        0x8 /media/other/opt/altera/nios2eds/bin/gnu/H-i686-pc-linux-gnu/bin/../lib/gcc/nios2-elf/4.1.2/../../../../nios2-elf/lib/mno-hw-mul/libc.a(lib_a-impure.o)
                0x0081b6f4                _impure_ptr
                0x0081b6f8                _global_impure_ptr
 .sdata         0x0081b6fc        0x8 /media/other/opt/altera/nios2eds/bin/gnu/H-i686-pc-linux-gnu/bin/../lib/gcc/nios2-elf/4.1.2/../../../../nios2-elf/lib/mno-hw-mul/libc.a(lib_a-mallocr.o)
                0x0081b6fc                __malloc_trim_threshold
                0x0081b700                __malloc_sbrk_base
 .sdata         0x0081b704        0x8 /media/other/opt/altera/nios2eds/bin/gnu/H-i686-pc-linux-gnu/bin/../lib/gcc/nios2-elf/4.1.2/../../../../nios2-elf/lib/mno-hw-mul/libc.a(lib_a-locale.o)
                0x0081b704                __mb_cur_max
 .sdata         0x0081b70c       0x14 ../bsp//libucosii_bsp.a(alt_dev.o)
                0x0081b70c                alt_fs_list
                0x0081b714                alt_dev_list
                0x0081b71c                alt_max_fd
 .sdata         0x0081b720        0x4 ../bsp//libucosii_bsp.a(alt_errno.o)
                0x0081b720                alt_errno
 .sdata         0x0081b724        0x4 ../bsp//libucosii_bsp.a(alt_sbrk.o)
 .sdata         0x0081b728        0x4 ../bsp//libucosii_bsp.a(alt_env_lock.o)
 .sdata         0x0081b72c        0x4 ../bsp//libucosii_bsp.a(alt_malloc_lock.o)
 .sdata         0x0081b730       0x74 ../bsp//libucosii_bsp.a(os_dbg.o)
                0x0081b730                OSDebugEn
                0x0081b734                OSEndiannessTest
                0x0081b738                OSEventEn
                0x0081b73a                OSEventMax
                0x0081b73c                OSEventNameSize
                0x0081b73e                OSEventSize
                0x0081b740                OSEventTblSize
                0x0081b742                OSEventMultiEn
                0x0081b744                OSFlagEn
                0x0081b746                OSFlagGrpSize
                0x0081b748                OSFlagNodeSize
                0x0081b74a                OSFlagWidth
                0x0081b74c                OSFlagMax
                0x0081b74e                OSFlagNameSize
                0x0081b750                OSLowestPrio
                0x0081b752                OSMboxEn
                0x0081b754                OSMemEn
                0x0081b756                OSMemMax
                0x0081b758                OSMemNameSize
                0x0081b75a                OSMemSize
                0x0081b75c                OSMemTblSize
                0x0081b75e                OSMutexEn
                0x0081b760                OSPtrSize
                0x0081b762                OSQEn
                0x0081b764                OSQMax
                0x0081b766                OSQSize
                0x0081b768                OSRdyTblSize
                0x0081b76a                OSSemEn
                0x0081b76c                OSStkWidth
                0x0081b76e                OSTaskCreateEn
                0x0081b770                OSTaskCreateExtEn
                0x0081b772                OSTaskDelEn
                0x0081b774                OSTaskIdleStkSize
                0x0081b776                OSTaskProfileEn
                0x0081b778                OSTaskMax
                0x0081b77a                OSTaskNameSize
                0x0081b77c                OSTaskStatEn
                0x0081b77e                OSTaskStatStkSize
                0x0081b780                OSTaskStatStkChkEn
                0x0081b782                OSTaskSwHookEn
                0x0081b784                OSTCBPrioTblMax
                0x0081b786                OSTCBSize
                0x0081b788                OSTicksPerSec
                0x0081b78a                OSTimeTickHookEn
                0x0081b78c                OSVersionNbr
                0x0081b78e                OSTmrEn
                0x0081b790                OSTmrCfgMax
                0x0081b792                OSTmrCfgNameSize
                0x0081b794                OSTmrCfgWheelSize
                0x0081b796                OSTmrCfgTicksPerSec
                0x0081b798                OSTmrSize
                0x0081b79a                OSTmrTblSize
                0x0081b79c                OSTmrWheelSize
                0x0081b79e                OSTmrWheelTblSize
                0x0081b7a0                OSDataSize
 .sdata         0x0081b7a4        0x4 ../bsp//libucosii_bsp.a(alt_irq_vars.o)
                0x0081b7a4                alt_priority_mask
 .sdata         0x0081b7a8        0x8 ../bsp//libucosii_bsp.a(alt_tick.o)
                0x0081b7a8                alt_alarm_list
 *(.sdata2 .sdata2.* .gnu.linkonce.s2.*)
                0x0081b7b0                . = ALIGN (0x4)
                0x0081b7b0                _edata = ABSOLUTE (.)
                0x0081b7b0                PROVIDE (edata, ABSOLUTE (.))
                0x0081b7b0                PROVIDE (__ram_rwdata_end, ABSOLUTE (.))
                0x0081b7b0                PROVIDE (__flash_rwdata_start, LOADADDR (.rwdata))

.bss            0x0081d334    0x116a4
                0x0081d334                __bss_start = ABSOLUTE (.)
                0x0081d334                PROVIDE (__sbss_start, ABSOLUTE (.))
                0x0081d334                PROVIDE (___sbss_start, ABSOLUTE (.))
 *(.dynsbss)
 *(.sbss .sbss.* .gnu.linkonce.sb.*)
 .sbss          0x0081d334        0x4 obj/default/print.o
                0x0081d334                print_lock
 .sbss          0x0081d338       0x14 obj/default/traffic.o
                0x0081d338                traffic_state
                0x0081d33c                manual_mode
                0x0081d340                selected_light
                0x0081d344                light_lock
                0x0081d348                input_lock
 .sbss          0x0081d34c        0x4 /media/other/opt/altera/nios2eds/bin/gnu/H-i686-pc-linux-gnu/bin/../lib/gcc/nios2-elf/4.1.2/../../../../nios2-elf/lib/mno-hw-mul/libc.a(lib_a-int_errno.o)
                0x0081d34c                errno
 .sbss          0x0081d350        0xc /media/other/opt/altera/nios2eds/bin/gnu/H-i686-pc-linux-gnu/bin/../lib/gcc/nios2-elf/4.1.2/../../../../nios2-elf/lib/mno-hw-mul/libc.a(lib_a-mallocr.o)
                0x0081d350                __malloc_top_pad
                0x0081d354                __malloc_max_sbrked_mem
                0x0081d358                __malloc_max_total_mem
 .sbss          0x0081d35c        0xc /media/other/opt/altera/nios2eds/bin/gnu/H-i686-pc-linux-gnu/bin/../lib/gcc/nios2-elf/4.1.2/../../../../nios2-elf/lib/mno-hw-mul/libc.a(lib_a-locale.o)
                0x0081d35c                __nlocale_changed
                0x0081d360                __mlocale_changed
                0x0081d364                _PathLocale
 .sbss          0x0081d368        0x4 ../bsp//libucosii_bsp.a(alt_dev.o)
                0x0081d368                alt_fd_list_lock
 .sbss          0x0081d36c        0xc ../bsp//libucosii_bsp.a(alt_main.o)
                0x0081d36c                alt_argc
                0x0081d370                alt_argv
                0x0081d374                alt_envp
 .sbss          0x0081d378        0x8 ../bsp//libucosii_bsp.a(alt_env_lock.o)
                0x0081d37c                alt_envsem
 .sbss          0x0081d380        0x8 ../bsp//libucosii_bsp.a(alt_malloc_lock.o)
                0x0081d384                alt_heapsem
 .sbss          0x0081d388       0x50 ../bsp//libucosii_bsp.a(os_core.o)
                0x0081d388                OSLockNesting
                0x0081d389                OSRunning
                0x0081d38c                OSIdleCtr
                0x0081d390                OSPrioHighRdy
                0x0081d391                OSPrioCur
                0x0081d394                OSTCBList
                0x0081d398                OSTickStepState
                0x0081d39c                OSCtxSwCtr
                0x0081d3a0                OSIdleCtrMax
                0x0081d3a4                OSTCBFreeList
                0x0081d3a8                OSCPUUsage
                0x0081d3a9                OSTaskCtr
                0x0081d3ac                OSMemFreeList
                0x0081d3b0                OSTCBHighRdy
                0x0081d3b4                OSQFreeList
                0x0081d3b8                OSRdyGrp
                0x0081d3b9                OSRdyTbl
                0x0081d3bc                OSEventFreeList
                0x0081d3c0                OSIntNesting
                0x0081d3c4                OSTCBCur
                0x0081d3c8                OSTime
                0x0081d3cc                OSFlagFreeList
                0x0081d3d0                OSStatRdy
                0x0081d3d4                OSIdleCtrRun
 .sbss          0x0081d3d8        0x4 ../bsp//libucosii_bsp.a(alt_irq_vars.o)
                0x0081d3d8                alt_irq_active
 .sbss          0x0081d3dc        0x8 ../bsp//libucosii_bsp.a(alt_tick.o)
                0x0081d3dc                _alt_tick_rate
                0x0081d3e0                _alt_nticks
 *(.sbss2 .sbss2.* .gnu.linkonce.sb2.*)
 *(.scommon)
                0x0081d3e4                PROVIDE (__sbss_end, ABSOLUTE (.))
                0x0081d3e4                PROVIDE (___sbss_end, ABSOLUTE (.))
 *(.dynbss)
 *(.bss .bss.* .gnu.linkonce.b.*)
 .bss           0x0081d3e4        0x0 ../bsp//obj/HAL/src/crt0.o
 .bss           0x0081d3e4        0x0 obj/default/alt_ucosii_simple_error_check.o
 .bss           0x0081d3e4        0x0 obj/default/print.o
 .bss           0x0081d3e4        0x0 obj/default/traffic.o
 .bss           0x0081d3e4        0x0 /media/other/opt/altera/nios2eds/bin/gnu/H-i686-pc-linux-gnu/bin/../lib/gcc/nios2-elf/4.1.2/mno-hw-mul/libgcc.a(lib2-mul.o)
 .bss           0x0081d3e4        0x0 /media/other/opt/altera/nios2eds/bin/gnu/H-i686-pc-linux-gnu/bin/../lib/gcc/nios2-elf/4.1.2/../../../../nios2-elf/lib/mno-hw-mul/libc.a(lib_a-exit.o)
 .bss           0x0081d3e4        0x0 /media/other/opt/altera/nios2eds/bin/gnu/H-i686-pc-linux-gnu/bin/../lib/gcc/nios2-elf/4.1.2/../../../../nios2-elf/lib/mno-hw-mul/libc.a(lib_a-fopen.o)
 .bss           0x0081d3e4        0x0 /media/other/opt/altera/nios2eds/bin/gnu/H-i686-pc-linux-gnu/bin/../lib/gcc/nios2-elf/4.1.2/../../../../nios2-elf/lib/mno-hw-mul/libc.a(lib_a-fprintf.o)
 .bss           0x0081d3e4        0x0 /media/other/opt/altera/nios2eds/bin/gnu/H-i686-pc-linux-gnu/bin/../lib/gcc/nios2-elf/4.1.2/../../../../nios2-elf/lib/mno-hw-mul/libc.a(lib_a-fseek.o)
 .bss           0x0081d3e4        0x0 /media/other/opt/altera/nios2eds/bin/gnu/H-i686-pc-linux-gnu/bin/../lib/gcc/nios2-elf/4.1.2/../../../../nios2-elf/lib/mno-hw-mul/libc.a(lib_a-fstatr.o)
 .bss           0x0081d3e4        0x0 /media/other/opt/altera/nios2eds/bin/gnu/H-i686-pc-linux-gnu/bin/../lib/gcc/nios2-elf/4.1.2/../../../../nios2-elf/lib/mno-hw-mul/libc.a(lib_a-fwrite.o)
 .bss           0x0081d3e4        0x0 /media/other/opt/altera/nios2eds/bin/gnu/H-i686-pc-linux-gnu/bin/../lib/gcc/nios2-elf/4.1.2/../../../../nios2-elf/lib/mno-hw-mul/libc.a(lib_a-getc.o)
 .bss           0x0081d3e4        0x0 /media/other/opt/altera/nios2eds/bin/gnu/H-i686-pc-linux-gnu/bin/../lib/gcc/nios2-elf/4.1.2/../../../../nios2-elf/lib/mno-hw-mul/libc.a(lib_a-impure.o)
 .bss           0x0081d3e4        0x0 /media/other/opt/altera/nios2eds/bin/gnu/H-i686-pc-linux-gnu/bin/../lib/gcc/nios2-elf/4.1.2/../../../../nios2-elf/lib/mno-hw-mul/libc.a(lib_a-int_errno.o)
 .bss           0x0081d3e4        0x0 /media/other/opt/altera/nios2eds/bin/gnu/H-i686-pc-linux-gnu/bin/../lib/gcc/nios2-elf/4.1.2/../../../../nios2-elf/lib/mno-hw-mul/libc.a(lib_a-makebuf.o)
 .bss           0x0081d3e4       0x28 /media/other/opt/altera/nios2eds/bin/gnu/H-i686-pc-linux-gnu/bin/../lib/gcc/nios2-elf/4.1.2/../../../../nios2-elf/lib/mno-hw-mul/libc.a(lib_a-mallocr.o)
                0x0081d3e4                __malloc_current_mallinfo
 .bss           0x0081d40c        0x0 /media/other/opt/altera/nios2eds/bin/gnu/H-i686-pc-linux-gnu/bin/../lib/gcc/nios2-elf/4.1.2/../../../../nios2-elf/lib/mno-hw-mul/libc.a(lib_a-memset.o)
 .bss           0x0081d40c        0x0 /media/other/opt/altera/nios2eds/bin/gnu/H-i686-pc-linux-gnu/bin/../lib/gcc/nios2-elf/4.1.2/../../../../nios2-elf/lib/mno-hw-mul/libc.a(lib_a-openr.o)
 .bss           0x0081d40c        0x0 /media/other/opt/altera/nios2eds/bin/gnu/H-i686-pc-linux-gnu/bin/../lib/gcc/nios2-elf/4.1.2/../../../../nios2-elf/lib/mno-hw-mul/libc.a(lib_a-printf.o)
 .bss           0x0081d40c        0x0 /media/other/opt/altera/nios2eds/bin/gnu/H-i686-pc-linux-gnu/bin/../lib/gcc/nios2-elf/4.1.2/../../../../nios2-elf/lib/mno-hw-mul/libc.a(lib_a-putchar.o)
 .bss           0x0081d40c        0x0 /media/other/opt/altera/nios2eds/bin/gnu/H-i686-pc-linux-gnu/bin/../lib/gcc/nios2-elf/4.1.2/../../../../nios2-elf/lib/mno-hw-mul/libc.a(lib_a-puts.o)
 .bss           0x0081d40c        0x0 /media/other/opt/altera/nios2eds/bin/gnu/H-i686-pc-linux-gnu/bin/../lib/gcc/nios2-elf/4.1.2/../../../../nios2-elf/lib/mno-hw-mul/libc.a(lib_a-refill.o)
 .bss           0x0081d40c        0x0 /media/other/opt/altera/nios2eds/bin/gnu/H-i686-pc-linux-gnu/bin/../lib/gcc/nios2-elf/4.1.2/../../../../nios2-elf/lib/mno-hw-mul/libc.a(lib_a-rget.o)
 .bss           0x0081d40c        0x0 /media/other/opt/altera/nios2eds/bin/gnu/H-i686-pc-linux-gnu/bin/../lib/gcc/nios2-elf/4.1.2/../../../../nios2-elf/lib/mno-hw-mul/libc.a(lib_a-sbrkr.o)
 .bss           0x0081d40c        0x0 /media/other/opt/altera/nios2eds/bin/gnu/H-i686-pc-linux-gnu/bin/../lib/gcc/nios2-elf/4.1.2/../../../../nios2-elf/lib/mno-hw-mul/libc.a(lib_a-stdio.o)
 .bss           0x0081d40c        0x0 /media/other/opt/altera/nios2eds/bin/gnu/H-i686-pc-linux-gnu/bin/../lib/gcc/nios2-elf/4.1.2/../../../../nios2-elf/lib/mno-hw-mul/libc.a(lib_a-strlen.o)
 .bss           0x0081d40c        0x0 /media/other/opt/altera/nios2eds/bin/gnu/H-i686-pc-linux-gnu/bin/../lib/gcc/nios2-elf/4.1.2/../../../../nios2-elf/lib/mno-hw-mul/libc.a(lib_a-vfprintf.o)
 .bss           0x0081d40c        0x0 /media/other/opt/altera/nios2eds/bin/gnu/H-i686-pc-linux-gnu/bin/../lib/gcc/nios2-elf/4.1.2/../../../../nios2-elf/lib/mno-hw-mul/libc.a(lib_a-writer.o)
 .bss           0x0081d40c        0x0 /media/other/opt/altera/nios2eds/bin/gnu/H-i686-pc-linux-gnu/bin/../lib/gcc/nios2-elf/4.1.2/../../../../nios2-elf/lib/mno-hw-mul/libc.a(lib_a-wsetup.o)
 .bss           0x0081d40c        0x0 /media/other/opt/altera/nios2eds/bin/gnu/H-i686-pc-linux-gnu/bin/../lib/gcc/nios2-elf/4.1.2/../../../../nios2-elf/lib/mno-hw-mul/libc.a(lib_a-__call_atexit.o)
 .bss           0x0081d40c        0x0 /media/other/opt/altera/nios2eds/bin/gnu/H-i686-pc-linux-gnu/bin/../lib/gcc/nios2-elf/4.1.2/../../../../nios2-elf/lib/mno-hw-mul/libc.a(lib_a-closer.o)
 .bss           0x0081d40c        0x0 /media/other/opt/altera/nios2eds/bin/gnu/H-i686-pc-linux-gnu/bin/../lib/gcc/nios2-elf/4.1.2/../../../../nios2-elf/lib/mno-hw-mul/libc.a(lib_a-dtoa.o)
 .bss           0x0081d40c        0x0 /media/other/opt/altera/nios2eds/bin/gnu/H-i686-pc-linux-gnu/bin/../lib/gcc/nios2-elf/4.1.2/../../../../nios2-elf/lib/mno-hw-mul/libc.a(lib_a-fflush.o)
 .bss           0x0081d40c        0x0 /media/other/opt/altera/nios2eds/bin/gnu/H-i686-pc-linux-gnu/bin/../lib/gcc/nios2-elf/4.1.2/../../../../nios2-elf/lib/mno-hw-mul/libc.a(lib_a-findfp.o)
 .bss           0x0081d40c        0x0 /media/other/opt/altera/nios2eds/bin/gnu/H-i686-pc-linux-gnu/bin/../lib/gcc/nios2-elf/4.1.2/../../../../nios2-elf/lib/mno-hw-mul/libc.a(lib_a-flags.o)
 .bss           0x0081d40c        0x0 /media/other/opt/altera/nios2eds/bin/gnu/H-i686-pc-linux-gnu/bin/../lib/gcc/nios2-elf/4.1.2/../../../../nios2-elf/lib/mno-hw-mul/libc.a(lib_a-freer.o)
 .bss           0x0081d40c        0x0 /media/other/opt/altera/nios2eds/bin/gnu/H-i686-pc-linux-gnu/bin/../lib/gcc/nios2-elf/4.1.2/../../../../nios2-elf/lib/mno-hw-mul/libc.a(lib_a-fvwrite.o)
 .bss           0x0081d40c        0x0 /media/other/opt/altera/nios2eds/bin/gnu/H-i686-pc-linux-gnu/bin/../lib/gcc/nios2-elf/4.1.2/../../../../nios2-elf/lib/mno-hw-mul/libc.a(lib_a-fwalk.o)
 .bss           0x0081d40c        0x0 /media/other/opt/altera/nios2eds/bin/gnu/H-i686-pc-linux-gnu/bin/../lib/gcc/nios2-elf/4.1.2/../../../../nios2-elf/lib/mno-hw-mul/libc.a(lib_a-isattyr.o)
 .bss           0x0081d40c        0x0 /media/other/opt/altera/nios2eds/bin/gnu/H-i686-pc-linux-gnu/bin/../lib/gcc/nios2-elf/4.1.2/../../../../nios2-elf/lib/mno-hw-mul/libc.a(lib_a-locale.o)
 .bss           0x0081d40c        0x0 /media/other/opt/altera/nios2eds/bin/gnu/H-i686-pc-linux-gnu/bin/../lib/gcc/nios2-elf/4.1.2/../../../../nios2-elf/lib/mno-hw-mul/libc.a(lib_a-lseekr.o)
 .bss           0x0081d40c        0x0 /media/other/opt/altera/nios2eds/bin/gnu/H-i686-pc-linux-gnu/bin/../lib/gcc/nios2-elf/4.1.2/../../../../nios2-elf/lib/mno-hw-mul/libc.a(lib_a-memchr.o)
 .bss           0x0081d40c        0x0 /media/other/opt/altera/nios2eds/bin/gnu/H-i686-pc-linux-gnu/bin/../lib/gcc/nios2-elf/4.1.2/../../../../nios2-elf/lib/mno-hw-mul/libc.a(lib_a-memcpy.o)
 .bss           0x0081d40c        0x0 /media/other/opt/altera/nios2eds/bin/gnu/H-i686-pc-linux-gnu/bin/../lib/gcc/nios2-elf/4.1.2/../../../../nios2-elf/lib/mno-hw-mul/libc.a(lib_a-memmove.o)
 .bss           0x0081d40c        0x0 /media/other/opt/altera/nios2eds/bin/gnu/H-i686-pc-linux-gnu/bin/../lib/gcc/nios2-elf/4.1.2/../../../../nios2-elf/lib/mno-hw-mul/libc.a(lib_a-mprec.o)
 .bss           0x0081d40c        0x0 /media/other/opt/altera/nios2eds/bin/gnu/H-i686-pc-linux-gnu/bin/../lib/gcc/nios2-elf/4.1.2/../../../../nios2-elf/lib/mno-hw-mul/libc.a(lib_a-putc.o)
 .bss           0x0081d40c        0x0 /media/other/opt/altera/nios2eds/bin/gnu/H-i686-pc-linux-gnu/bin/../lib/gcc/nios2-elf/4.1.2/../../../../nios2-elf/lib/mno-hw-mul/libc.a(lib_a-readr.o)
 .bss           0x0081d40c        0x0 /media/other/opt/altera/nios2eds/bin/gnu/H-i686-pc-linux-gnu/bin/../lib/gcc/nios2-elf/4.1.2/../../../../nios2-elf/lib/mno-hw-mul/libc.a(lib_a-reallocr.o)
 .bss           0x0081d40c        0x0 /media/other/opt/altera/nios2eds/bin/gnu/H-i686-pc-linux-gnu/bin/../lib/gcc/nios2-elf/4.1.2/../../../../nios2-elf/lib/mno-hw-mul/libc.a(lib_a-s_isinfd.o)
 .bss           0x0081d40c        0x0 /media/other/opt/altera/nios2eds/bin/gnu/H-i686-pc-linux-gnu/bin/../lib/gcc/nios2-elf/4.1.2/../../../../nios2-elf/lib/mno-hw-mul/libc.a(lib_a-s_isnand.o)
 .bss           0x0081d40c        0x0 /media/other/opt/altera/nios2eds/bin/gnu/H-i686-pc-linux-gnu/bin/../lib/gcc/nios2-elf/4.1.2/../../../../nios2-elf/lib/mno-hw-mul/libc.a(lib_a-strcmp.o)
 .bss           0x0081d40c        0x0 /media/other/opt/altera/nios2eds/bin/gnu/H-i686-pc-linux-gnu/bin/../lib/gcc/nios2-elf/4.1.2/../../../../nios2-elf/lib/mno-hw-mul/libc.a(lib_a-wbuf.o)
 .bss           0x0081d40c        0x0 /media/other/opt/altera/nios2eds/bin/gnu/H-i686-pc-linux-gnu/bin/../lib/gcc/nios2-elf/4.1.2/../../../../nios2-elf/lib/mno-hw-mul/libc.a(lib_a-callocr.o)
 .bss           0x0081d40c        0x0 /media/other/opt/altera/nios2eds/bin/gnu/H-i686-pc-linux-gnu/bin/../lib/gcc/nios2-elf/4.1.2/../../../../nios2-elf/lib/mno-hw-mul/libc.a(lib_a-fclose.o)
 .bss           0x0081d40c        0x0 /media/other/opt/altera/nios2eds/bin/gnu/H-i686-pc-linux-gnu/bin/../lib/gcc/nios2-elf/4.1.2/mno-hw-mul/libgcc.a(_udivdi3.o)
 .bss           0x0081d40c        0x0 /media/other/opt/altera/nios2eds/bin/gnu/H-i686-pc-linux-gnu/bin/../lib/gcc/nios2-elf/4.1.2/mno-hw-mul/libgcc.a(_umoddi3.o)
 .bss           0x0081d40c        0x0 /media/other/opt/altera/nios2eds/bin/gnu/H-i686-pc-linux-gnu/bin/../lib/gcc/nios2-elf/4.1.2/mno-hw-mul/libgcc.a(_addsub_df.o)
 .bss           0x0081d40c        0x0 /media/other/opt/altera/nios2eds/bin/gnu/H-i686-pc-linux-gnu/bin/../lib/gcc/nios2-elf/4.1.2/mno-hw-mul/libgcc.a(_mul_df.o)
 .bss           0x0081d40c        0x0 /media/other/opt/altera/nios2eds/bin/gnu/H-i686-pc-linux-gnu/bin/../lib/gcc/nios2-elf/4.1.2/mno-hw-mul/libgcc.a(_div_df.o)
 .bss           0x0081d40c        0x0 /media/other/opt/altera/nios2eds/bin/gnu/H-i686-pc-linux-gnu/bin/../lib/gcc/nios2-elf/4.1.2/mno-hw-mul/libgcc.a(_eq_df.o)
 .bss           0x0081d40c        0x0 /media/other/opt/altera/nios2eds/bin/gnu/H-i686-pc-linux-gnu/bin/../lib/gcc/nios2-elf/4.1.2/mno-hw-mul/libgcc.a(_ne_df.o)
 .bss           0x0081d40c        0x0 /media/other/opt/altera/nios2eds/bin/gnu/H-i686-pc-linux-gnu/bin/../lib/gcc/nios2-elf/4.1.2/mno-hw-mul/libgcc.a(_gt_df.o)
 .bss           0x0081d40c        0x0 /media/other/opt/altera/nios2eds/bin/gnu/H-i686-pc-linux-gnu/bin/../lib/gcc/nios2-elf/4.1.2/mno-hw-mul/libgcc.a(_ge_df.o)
 .bss           0x0081d40c        0x0 /media/other/opt/altera/nios2eds/bin/gnu/H-i686-pc-linux-gnu/bin/../lib/gcc/nios2-elf/4.1.2/mno-hw-mul/libgcc.a(_lt_df.o)
 .bss           0x0081d40c        0x0 /media/other/opt/altera/nios2eds/bin/gnu/H-i686-pc-linux-gnu/bin/../lib/gcc/nios2-elf/4.1.2/mno-hw-mul/libgcc.a(_si_to_df.o)
 .bss           0x0081d40c        0x0 /media/other/opt/altera/nios2eds/bin/gnu/H-i686-pc-linux-gnu/bin/../lib/gcc/nios2-elf/4.1.2/mno-hw-mul/libgcc.a(_df_to_si.o)
 .bss           0x0081d40c        0x0 /media/other/opt/altera/nios2eds/bin/gnu/H-i686-pc-linux-gnu/bin/../lib/gcc/nios2-elf/4.1.2/mno-hw-mul/libgcc.a(_thenan_df.o)
 .bss           0x0081d40c        0x0 /media/other/opt/altera/nios2eds/bin/gnu/H-i686-pc-linux-gnu/bin/../lib/gcc/nios2-elf/4.1.2/mno-hw-mul/libgcc.a(_usi_to_df.o)
 .bss           0x0081d40c        0x0 /media/other/opt/altera/nios2eds/bin/gnu/H-i686-pc-linux-gnu/bin/../lib/gcc/nios2-elf/4.1.2/mno-hw-mul/libgcc.a(lib2-divmod.o)
 .bss           0x0081d40c        0x0 /media/other/opt/altera/nios2eds/bin/gnu/H-i686-pc-linux-gnu/bin/../lib/gcc/nios2-elf/4.1.2/mno-hw-mul/libgcc.a(_muldi3.o)
 .bss           0x0081d40c        0x0 /media/other/opt/altera/nios2eds/bin/gnu/H-i686-pc-linux-gnu/bin/../lib/gcc/nios2-elf/4.1.2/mno-hw-mul/libgcc.a(_clz.o)
 .bss           0x0081d40c        0x0 /media/other/opt/altera/nios2eds/bin/gnu/H-i686-pc-linux-gnu/bin/../lib/gcc/nios2-elf/4.1.2/mno-hw-mul/libgcc.a(_clzsi2.o)
 .bss           0x0081d40c        0x0 /media/other/opt/altera/nios2eds/bin/gnu/H-i686-pc-linux-gnu/bin/../lib/gcc/nios2-elf/4.1.2/mno-hw-mul/libgcc.a(_pack_df.o)
 .bss           0x0081d40c        0x0 /media/other/opt/altera/nios2eds/bin/gnu/H-i686-pc-linux-gnu/bin/../lib/gcc/nios2-elf/4.1.2/mno-hw-mul/libgcc.a(_unpack_df.o)
 .bss           0x0081d40c        0x0 /media/other/opt/altera/nios2eds/bin/gnu/H-i686-pc-linux-gnu/bin/../lib/gcc/nios2-elf/4.1.2/mno-hw-mul/libgcc.a(_fpcmp_parts_df.o)
 .bss           0x0081d40c        0x0 ../bsp//libucosii_bsp.a(alt_close.o)
 .bss           0x0081d40c        0x0 ../bsp//libucosii_bsp.a(alt_dev.o)
 .bss           0x0081d40c        0x0 ../bsp//libucosii_bsp.a(alt_errno.o)
 .bss           0x0081d40c        0x0 ../bsp//libucosii_bsp.a(alt_exit.o)
 .bss           0x0081d40c        0x0 ../bsp//libucosii_bsp.a(alt_fstat.o)
 .bss           0x0081d40c        0x0 ../bsp//libucosii_bsp.a(alt_isatty.o)
 .bss           0x0081d40c        0x0 ../bsp//libucosii_bsp.a(alt_load.o)
 .bss           0x0081d40c        0x0 ../bsp//libucosii_bsp.a(alt_lseek.o)
 .bss           0x0081d40c        0x0 ../bsp//libucosii_bsp.a(alt_main.o)
 .bss           0x0081d40c        0x0 ../bsp//libucosii_bsp.a(alt_open.o)
 .bss           0x0081d40c        0x0 ../bsp//libucosii_bsp.a(alt_read.o)
 .bss           0x0081d40c        0x0 ../bsp//libucosii_bsp.a(alt_release_fd.o)
 .bss           0x0081d40c        0x0 ../bsp//libucosii_bsp.a(alt_sbrk.o)
 .bss           0x0081d40c        0x0 ../bsp//libucosii_bsp.a(alt_write.o)
 .bss           0x0081d40c        0x0 ../bsp//libucosii_bsp.a(alt_env_lock.o)
 .bss           0x0081d40c        0x0 ../bsp//libucosii_bsp.a(alt_malloc_lock.o)
 .bss           0x0081d40c        0x0 ../bsp//libucosii_bsp.a(os_core.o)
 .bss           0x0081d40c        0x0 ../bsp//libucosii_bsp.a(os_dbg.o)
 .bss           0x0081d40c        0x0 ../bsp//libucosii_bsp.a(os_flag.o)
 .bss           0x0081d40c        0x0 ../bsp//libucosii_bsp.a(os_mem.o)
 .bss           0x0081d40c        0x0 ../bsp//libucosii_bsp.a(os_q.o)
 .bss           0x0081d40c        0x0 ../bsp//libucosii_bsp.a(os_sem.o)
 .bss           0x0081d40c        0x0 ../bsp//libucosii_bsp.a(os_task.o)
 .bss           0x0081d40c        0x0 ../bsp//libucosii_bsp.a(os_time.o)
 .bss           0x0081d40c        0x0 ../bsp//libucosii_bsp.a(alt_sys_init.o)
 .bss           0x0081d40c        0x0 ../bsp//libucosii_bsp.a(altera_avalon_jtag_uart_fd.o)
 .bss           0x0081d40c        0x0 ../bsp//libucosii_bsp.a(altera_avalon_jtag_uart_init.o)
 .bss           0x0081d40c        0x0 ../bsp//libucosii_bsp.a(altera_avalon_jtag_uart_ioctl.o)
 .bss           0x0081d40c        0x0 ../bsp//libucosii_bsp.a(altera_avalon_jtag_uart_read.o)
 .bss           0x0081d40c        0x0 ../bsp//libucosii_bsp.a(altera_avalon_jtag_uart_write.o)
 .bss           0x0081d40c        0x0 ../bsp//libucosii_bsp.a(altera_avalon_timer_sc.o)
 .bss           0x0081d40c        0x0 ../bsp//libucosii_bsp.a(alt_alarm_start.o)
 .bss           0x0081d40c        0x0 ../bsp//libucosii_bsp.a(alt_dcache_flush_all.o)
 .bss           0x0081d40c        0x0 ../bsp//libucosii_bsp.a(alt_dev_llist_insert.o)
 .bss           0x0081d40c        0x0 ../bsp//libucosii_bsp.a(alt_do_ctors.o)
 .bss           0x0081d40c        0x0 ../bsp//libucosii_bsp.a(alt_do_dtors.o)
 .bss           0x0081d40c        0x0 ../bsp//libucosii_bsp.a(alt_find_dev.o)
 .bss           0x0081d40c        0x0 ../bsp//libucosii_bsp.a(alt_find_file.o)
 .bss           0x0081d40c        0x0 ../bsp//libucosii_bsp.a(alt_get_fd.o)
 .bss           0x0081d40c        0x0 ../bsp//libucosii_bsp.a(alt_icache_flush_all.o)
 .bss           0x0081d40c        0x0 ../bsp//libucosii_bsp.a(alt_iic.o)
 .bss           0x0081d40c        0x0 ../bsp//libucosii_bsp.a(alt_iic_isr_register.o)
 .bss           0x0081d40c        0x0 ../bsp//libucosii_bsp.a(alt_io_redirect.o)
 .bss           0x0081d40c        0x0 ../bsp//libucosii_bsp.a(alt_irq_entry.o)
 .bss           0x0081d40c        0x0 ../bsp//libucosii_bsp.a(alt_irq_handler.o)
 .bss           0x0081d40c        0x0 ../bsp//libucosii_bsp.a(alt_irq_vars.o)
 .bss           0x0081d40c        0x0 ../bsp//libucosii_bsp.a(alt_tick.o)
 .bss           0x0081d40c        0x0 ../bsp//libucosii_bsp.a(altera_nios2_qsys_irq.o)
 .bss           0x0081d40c        0x0 ../bsp//libucosii_bsp.a(os_cpu_a.o)
 .bss           0x0081d40c        0x0 ../bsp//libucosii_bsp.a(os_cpu_c.o)
 .bss           0x0081d40c        0x0 ../bsp//libucosii_bsp.a(alt_exception_entry.o)
 .bss           0x0081d40c        0x0 /media/other/opt/altera/nios2eds/bin/gnu/H-i686-pc-linux-gnu/bin/../lib/gcc/nios2-elf/4.1.2/../../../../nios2-elf/lib/mno-hw-mul/libc.a(lib_a-atexit.o)
 .bss           0x0081d40c        0x0 /media/other/opt/altera/nios2eds/bin/gnu/H-i686-pc-linux-gnu/bin/../lib/gcc/nios2-elf/4.1.2/../../../../nios2-elf/lib/mno-hw-mul/libc.a(lib_a-memcmp.o)
 .bss           0x0081d40c        0x0 /media/other/opt/altera/nios2eds/bin/gnu/H-i686-pc-linux-gnu/bin/../lib/gcc/nios2-elf/4.1.2/../../../../nios2-elf/lib/mno-hw-mul/libc.a(lib_a-__atexit.o)
 *(COMMON)
 COMMON         0x0081d40c     0xe118 obj/default/traffic.o
                0x0081d40c                stack_d
                0x0081f40c                stack_f
                0x0082140c                stack_b
                0x0082340c                stack_e
                0x0082540c                stack_a
                0x0082740c                stack_input
                0x0082940c                lights
                0x00829424                stack_c
                0x0082b424                key_down
 COMMON         0x0082b524     0x3224 ../bsp//libucosii_bsp.a(os_core.o)
                0x0082b524                OSFlagTbl
                0x0082b894                OSMemTbl
                0x0082c4c4                OSTaskStatStk
                0x0082ccc4                OSQTbl
                0x0082cea4                OSTaskIdleStk
                0x0082d6a4                OSEventTbl
                0x0082e1e4                OSTCBTbl
                0x0082e6f4                OSTCBPrioTbl
 COMMON         0x0082e748      0x100 ../bsp//libucosii_bsp.a(alt_irq_handler.o)
                0x0082e748                alt_irq
 COMMON         0x0082e848      0x190 /media/other/opt/altera/nios2eds/bin/gnu/H-i686-pc-linux-gnu/bin/../lib/gcc/nios2-elf/4.1.2/../../../../nios2-elf/lib/mno-hw-mul/libc.a(lib_a-atexit.o)
                0x0082e848                _atexit0
                0x0082e9d8                . = ALIGN (0x4)
                0x0082e9d8                __bss_end = ABSOLUTE (.)

.sdram_0        0x0082e9d8        0x0
                0x0082e9d8                PROVIDE (_alt_partition_sdram_0_start, ABSOLUTE (.))
 *(.sdram_0. sdram_0.*)
                0x0082e9d8                . = ALIGN (0x4)
                0x0082e9d8                PROVIDE (_alt_partition_sdram_0_end, ABSOLUTE (.))
                0x0082e9d8                _end = ABSOLUTE (.)
                0x0082e9d8                end = ABSOLUTE (.)
                0x0082e9d8                __alt_stack_base = ABSOLUTE (.)
                0x0082e9d8                PROVIDE (_alt_partition_sdram_0_load_addr, LOADADDR (.sdram_0))

.onchip_memory2_0
                0x01001000        0x0 load address 0x0082e9d8
                0x01001000                PROVIDE (_alt_partition_onchip_memory2_0_start, ABSOLUTE (.))
 *(.onchip_memory2_0. onchip_memory2_0.*)
                0x01001000                . = ALIGN (0x4)
                0x01001000                PROVIDE (_alt_partition_onchip_memory2_0_end, ABSOLUTE (.))
                0x0082e9d8                PROVIDE (_alt_partition_onchip_memory2_0_load_addr, LOADADDR (.onchip_memory2_0))

.stab
 *(.stab)

.stabstr
 *(.stabstr)

.stab.excl
 *(.stab.excl)

.stab.exclstr
 *(.stab.exclstr)

.stab.index
 *(.stab.index)

.stab.indexstr
 *(.stab.indexstr)

.comment        0x00000000       0x23
 *(.comment)
 .comment       0x00000000       0x23 obj/default/alt_ucosii_simple_error_check.o
                                 0x24 (size before relaxing)
 .comment       0x00000000       0x24 obj/default/print.o
 .comment       0x00000000       0x24 obj/default/traffic.o
 .comment       0x00000000       0x24 /media/other/opt/altera/nios2eds/bin/gnu/H-i686-pc-linux-gnu/bin/../lib/gcc/nios2-elf/4.1.2/mno-hw-mul/libgcc.a(lib2-mul.o)
 .comment       0x00000000       0x24 /media/other/opt/altera/nios2eds/bin/gnu/H-i686-pc-linux-gnu/bin/../lib/gcc/nios2-elf/4.1.2/../../../../nios2-elf/lib/mno-hw-mul/libc.a(lib_a-exit.o)
 .comment       0x00000000       0x24 /media/other/opt/altera/nios2eds/bin/gnu/H-i686-pc-linux-gnu/bin/../lib/gcc/nios2-elf/4.1.2/../../../../nios2-elf/lib/mno-hw-mul/libc.a(lib_a-fopen.o)
 .comment       0x00000000       0x24 /media/other/opt/altera/nios2eds/bin/gnu/H-i686-pc-linux-gnu/bin/../lib/gcc/nios2-elf/4.1.2/../../../../nios2-elf/lib/mno-hw-mul/libc.a(lib_a-fprintf.o)