------------------------------------------------------------
TimeQuest Timing Analyzer Summary
------------------------------------------------------------

Type  : Slow Model Setup 'CLOCK_50'
Slack : -6.332
TNS   : -374.636

Type  : Slow Model Setup 'KEY[3]'
Slack : -1.258
TNS   : -28.223

Type  : Slow Model Setup 'clk_div:clk_div|clk_out'
Slack : -1.072
TNS   : -2.743

Type  : Slow Model Setup 'temp_input:temp_input|new_number~_Duplicate_1'
Slack : 0.131
TNS   : 0.000

Type  : Slow Model Hold 'CLOCK_50'
Slack : -2.684
TNS   : -2.684

Type  : Slow Model Hold 'KEY[3]'
Slack : -1.013
TNS   : -1.789

Type  : Slow Model Hold 'temp_input:temp_input|new_number~_Duplicate_1'
Slack : 0.445
TNS   : 0.000

Type  : Slow Model Hold 'clk_div:clk_div|clk_out'
Slack : 1.017
TNS   : 0.000

Type  : Slow Model Minimum Pulse Width 'CLOCK_50'
Slack : -1.631
TNS   : -106.723

Type  : Slow Model Minimum Pulse Width 'SW[9]'
Slack : -1.631
TNS   : -4.075

Type  : Slow Model Minimum Pulse Width 'KEY[3]'
Slack : -1.469
TNS   : -38.129

Type  : Slow Model Minimum Pulse Width 'clk_div:clk_div|clk_out'
Slack : -0.611
TNS   : -4.888

Type  : Slow Model Minimum Pulse Width 'temp_input:temp_input|new_number~_Duplicate_1'
Slack : -0.611
TNS   : -2.444

Type  : Fast Model Setup 'CLOCK_50'
Slack : -2.015
TNS   : -102.413

Type  : Fast Model Setup 'KEY[3]'
Slack : 0.015
TNS   : 0.000

Type  : Fast Model Setup 'clk_div:clk_div|clk_out'
Slack : 0.049
TNS   : 0.000

Type  : Fast Model Setup 'temp_input:temp_input|new_number~_Duplicate_1'
Slack : 0.639
TNS   : 0.000

Type  : Fast Model Hold 'CLOCK_50'
Slack : -1.712
TNS   : -1.712

Type  : Fast Model Hold 'KEY[3]'
Slack : -0.720
TNS   : -1.265

Type  : Fast Model Hold 'temp_input:temp_input|new_number~_Duplicate_1'
Slack : 0.215
TNS   : 0.000

Type  : Fast Model Hold 'clk_div:clk_div|clk_out'
Slack : 0.418
TNS   : 0.000

Type  : Fast Model Minimum Pulse Width 'CLOCK_50'
Slack : -1.380
TNS   : -87.380

Type  : Fast Model Minimum Pulse Width 'SW[9]'
Slack : -1.380
TNS   : -3.380

Type  : Fast Model Minimum Pulse Width 'KEY[3]'
Slack : -1.222
TNS   : -31.222

Type  : Fast Model Minimum Pulse Width 'clk_div:clk_div|clk_out'
Slack : -0.500
TNS   : -4.000

Type  : Fast Model Minimum Pulse Width 'temp_input:temp_input|new_number~_Duplicate_1'
Slack : -0.500
TNS   : -2.000

------------------------------------------------------------
